2026-06-18T12:29:06.444-04:00  INFO 10296 --- [cart] [main] cl.duoc.carrito.CarritoApplication       : Starting CarritoApplication using Java 21.0.9 with PID 10296 (C:\Users\sj-alumno\Downloads\proyecto\Proyecto-Fullstack\carrito\carrito\target\classes started by SJ-Alumno in C:\Users\sj-alumno\Downloads\proyecto\Proyecto-Fullstack\carrito\carrito)
2026-06-18T12:29:06.445-04:00  INFO 10296 --- [cart] [main] cl.duoc.carrito.CarritoApplication       : No active profile set, falling back to 1 default profile: "default"
2026-06-18T12:29:06.900-04:00  INFO 10296 --- [cart] [main] .s.d.r.c.RepositoryConfigurationDelegate : Bootstrapping Spring Data JPA repositories in DEFAULT mode.
2026-06-18T12:29:06.981-04:00  INFO 10296 --- [cart] [main] .s.d.r.c.RepositoryConfigurationDelegate : Finished Spring Data repository scanning in 74 ms. Found 2 JPA repository interfaces.
2026-06-18T12:29:07.333-04:00  INFO 10296 --- [cart] [main] o.s.boot.tomcat.TomcatWebServer          : Tomcat initialized with port 8082 (http)
2026-06-18T12:29:07.344-04:00  INFO 10296 --- [cart] [main] o.apache.catalina.core.StandardService   : Starting service [Tomcat]
2026-06-18T12:29:07.345-04:00  INFO 10296 --- [cart] [main] o.apache.catalina.core.StandardEngine    : Starting Servlet engine: [Apache Tomcat/11.0.22]
2026-06-18T12:29:07.399-04:00  INFO 10296 --- [cart] [main] b.w.c.s.WebApplicationContextInitializer : Root WebApplicationContext: initialization completed in 928 ms
2026-06-18T12:29:07.546-04:00  INFO 10296 --- [cart] [main] org.hibernate.orm.jpa                    : HHH008540: Processing PersistenceUnitInfo [name: default]
2026-06-18T12:29:07.579-04:00  INFO 10296 --- [cart] [main] org.hibernate.orm.core                   : HHH000001: Hibernate ORM core version 7.2.19.Final
2026-06-18T12:29:07.831-04:00  INFO 10296 --- [cart] [main] o.s.o.j.p.SpringPersistenceUnitInfo      : No LoadTimeWeaver setup: ignoring JPA class transformer
2026-06-18T12:29:07.851-04:00  INFO 10296 --- [cart] [main] com.zaxxer.hikari.HikariDataSource       : HikariPool-1 - Starting...
2026-06-18T12:29:07.962-04:00  INFO 10296 --- [cart] [main] com.zaxxer.hikari.pool.HikariPool        : HikariPool-1 - Added connection com.mysql.cj.jdbc.ConnectionImpl@578198d9
2026-06-18T12:29:07.963-04:00  INFO 10296 --- [cart] [main] com.zaxxer.hikari.HikariDataSource       : HikariPool-1 - Start completed.
2026-06-18T12:29:07.997-04:00  WARN 10296 --- [cart] [main] org.hibernate.orm.deprecation            : HHH90000025: MySQLDialect does not need to be specified explicitly using 'hibernate.dialect' (remove the property setting and it will be selected by default)
2026-06-18T12:29:08.008-04:00  INFO 10296 --- [cart] [main] org.hibernate.orm.connections.pooling    : HHH10001005: Database info:
	Database JDBC URL [jdbc:mysql://localhost:3316/order_db?useSSL=false&allowPublicKeyRetrieval=true&serverTimezone=UTC]
	Database driver: MySQL Connector/J
	Database dialect: MySQLDialect
	Database version: 8.0.46
	Default catalog/schema: order_db/undefined
	Autocommit mode: undefined/unknown
	Isolation level: REPEATABLE_READ [default REPEATABLE_READ]
	JDBC fetch size: none
	Pool: DataSourceConnectionProvider
	Minimum pool size: undefined/unknown
	Maximum pool size: undefined/unknown
2026-06-18T12:29:08.584-04:00  INFO 10296 --- [cart] [main] org.hibernate.orm.core                   : HHH000489: No JTA platform available (set 'hibernate.transaction.jta.platform' to enable JTA platform integration)
2026-06-18T12:29:08.674-04:00  INFO 10296 --- [cart] [main] j.LocalContainerEntityManagerFactoryBean : Initialized JPA EntityManagerFactory for persistence unit 'default'
2026-06-18T12:29:08.718-04:00  INFO 10296 --- [cart] [main] o.s.d.j.r.query.QueryEnhancerFactories   : Hibernate is in classpath; If applicable, HQL parser will be used.
2026-06-18T12:29:08.844-04:00  WARN 10296 --- [cart] [main] JpaBaseConfiguration$JpaWebConfiguration : spring.jpa.open-in-view is enabled by default. Therefore, database queries may be performed during view rendering. Explicitly configure spring.jpa.open-in-view to disable this warning
2026-06-18T12:29:08.890-04:00  WARN 10296 --- [cart] [main] .s.a.UserDetailsServiceAutoConfiguration : 

Using generated security password: 19fd6ae2-1eda-4837-924a-26e0127f3d09

This generated password is for development use only. Your security configuration must be updated before running your application in production.

2026-06-18T12:29:08.895-04:00  INFO 10296 --- [cart] [main] r$InitializeUserDetailsManagerConfigurer : Global AuthenticationManager configured with UserDetailsService bean with name inMemoryUserDetailsManager
2026-06-18T12:29:09.212-04:00  INFO 10296 --- [cart] [main] o.s.b.a.e.web.EndpointLinksResolver      : Exposing 2 endpoints beneath base path '/actuator'
2026-06-18T12:29:09.255-04:00  INFO 10296 --- [cart] [main] o.s.boot.tomcat.TomcatWebServer          : Tomcat started on port 8082 (http) with context path '/'
2026-06-18T12:29:09.260-04:00  INFO 10296 --- [cart] [main] cl.duoc.carrito.CarritoApplication       : Started CarritoApplication in 3.111 seconds (process running for 3.443)
2026-06-18T12:46:20.985-04:00  INFO 10296 --- [cart] [SpringApplicationShutdownHook] o.s.boot.tomcat.GracefulShutdown         : Commencing graceful shutdown. Waiting for active requests to complete
2026-06-18T12:46:20.998-04:00  INFO 10296 --- [cart] [tomcat-shutdown] o.s.boot.tomcat.GracefulShutdown         : Graceful shutdown complete
2026-06-18T12:46:21.002-04:00  INFO 10296 --- [cart] [SpringApplicationShutdownHook] j.LocalContainerEntityManagerFactoryBean : Closing JPA EntityManagerFactory for persistence unit 'default'
2026-06-18T12:46:21.004-04:00  INFO 10296 --- [cart] [SpringApplicationShutdownHook] com.zaxxer.hikari.HikariDataSource       : HikariPool-1 - Shutdown initiated...
2026-06-18T12:46:21.010-04:00  INFO 10296 --- [cart] [SpringApplicationShutdownHook] com.zaxxer.hikari.HikariDataSource       : HikariPool-1 - Shutdown completed.
