2026-06-19T18:54:27.573-04:00  INFO 18484 --- [discounts] [main] c.duoc.descuentos.DescuentosApplication  : Starting DescuentosApplication using Java 21.0.10 with PID 18484 (C:\Users\xiota\Proyecto-Fullstack\descuentos\descuentos\target\classes started by xiota in C:\Users\xiota\Proyecto-Fullstack\descuentos\descuentos)
2026-06-19T18:54:27.577-04:00  INFO 18484 --- [discounts] [main] c.duoc.descuentos.DescuentosApplication  : No active profile set, falling back to 1 default profile: "default"
2026-06-19T18:54:30.312-04:00  INFO 18484 --- [discounts] [main] .s.d.r.c.RepositoryConfigurationDelegate : Bootstrapping Spring Data JPA repositories in DEFAULT mode.
2026-06-19T18:54:30.733-04:00  INFO 18484 --- [discounts] [main] .s.d.r.c.RepositoryConfigurationDelegate : Finished Spring Data repository scanning in 406 ms. Found 2 JPA repository interfaces.
2026-06-19T18:54:31.501-04:00  INFO 18484 --- [discounts] [main] o.s.cloud.context.scope.GenericScope     : BeanFactory id=27383239-a38c-331b-9cb1-1b3f8440c3bb
2026-06-19T18:54:32.618-04:00  INFO 18484 --- [discounts] [main] o.s.b.w.embedded.tomcat.TomcatWebServer  : Tomcat initialized with port 8088 (http)
2026-06-19T18:54:32.647-04:00  INFO 18484 --- [discounts] [main] o.apache.catalina.core.StandardService   : Starting service [Tomcat]
2026-06-19T18:54:32.648-04:00  INFO 18484 --- [discounts] [main] o.apache.catalina.core.StandardEngine    : Starting Servlet engine: [Apache Tomcat/10.1.42]
2026-06-19T18:54:32.853-04:00  INFO 18484 --- [discounts] [main] o.a.c.c.C.[Tomcat].[localhost].[/]       : Initializing Spring embedded WebApplicationContext
2026-06-19T18:54:32.855-04:00  INFO 18484 --- [discounts] [main] w.s.c.ServletWebServerApplicationContext : Root WebApplicationContext: initialization completed in 5193 ms
2026-06-19T18:54:33.446-04:00  INFO 18484 --- [discounts] [main] o.hibernate.jpa.internal.util.LogHelper  : HHH000204: Processing PersistenceUnitInfo [name: default]
2026-06-19T18:54:33.546-04:00  INFO 18484 --- [discounts] [main] org.hibernate.Version                    : HHH000412: Hibernate ORM core version 6.6.18.Final
2026-06-19T18:54:33.606-04:00  INFO 18484 --- [discounts] [main] o.h.c.internal.RegionFactoryInitiator    : HHH000026: Second-level cache disabled
2026-06-19T18:54:34.093-04:00  INFO 18484 --- [discounts] [main] o.s.o.j.p.SpringPersistenceUnitInfo      : No LoadTimeWeaver setup: ignoring JPA class transformer
2026-06-19T18:54:34.157-04:00  INFO 18484 --- [discounts] [main] com.zaxxer.hikari.HikariDataSource       : HikariPool-1 - Starting...
2026-06-19T18:54:34.428-04:00  INFO 18484 --- [discounts] [main] com.zaxxer.hikari.pool.HikariPool        : HikariPool-1 - Added connection com.mysql.cj.jdbc.ConnectionImpl@66d44581
2026-06-19T18:54:34.432-04:00  INFO 18484 --- [discounts] [main] com.zaxxer.hikari.HikariDataSource       : HikariPool-1 - Start completed.
2026-06-19T18:54:34.516-04:00  WARN 18484 --- [discounts] [main] org.hibernate.orm.deprecation            : HHH90000025: MySQLDialect does not need to be specified explicitly using 'hibernate.dialect' (remove the property setting and it will be selected by default)
2026-06-19T18:54:34.557-04:00  INFO 18484 --- [discounts] [main] org.hibernate.orm.connections.pooling    : HHH10001005: Database info:
	Database JDBC URL [Connecting through datasource 'HikariDataSource (HikariPool-1)']
	Database driver: undefined/unknown
	Database version: 8.0.46
	Autocommit mode: undefined/unknown
	Isolation level: undefined/unknown
	Minimum pool size: undefined/unknown
	Maximum pool size: undefined/unknown
2026-06-19T18:54:36.553-04:00  INFO 18484 --- [discounts] [main] o.h.e.t.j.p.i.JtaPlatformInitiator       : HHH000489: No JTA platform available (set 'hibernate.transaction.jta.platform' to enable JTA platform integration)
2026-06-19T18:54:37.515-04:00  INFO 18484 --- [discounts] [main] j.LocalContainerEntityManagerFactoryBean : Initialized JPA EntityManagerFactory for persistence unit 'default'
2026-06-19T18:54:37.976-04:00  WARN 18484 --- [discounts] [main] ConfigServletWebServerApplicationContext : Exception encountered during context initialization - cancelling refresh attempt: org.springframework.beans.factory.UnsatisfiedDependencyException: Error creating bean with name 'DIscountController' defined in file [C:\Users\xiota\Proyecto-Fullstack\descuentos\descuentos\target\classes\cl\duoc\descuentos\controller\DIscountController.class]: Unsatisfied dependency expressed through constructor parameter 0: Error creating bean with name 'discountService' defined in file [C:\Users\xiota\Proyecto-Fullstack\descuentos\descuentos\target\classes\cl\duoc\descuentos\service\DiscountService.class]: Unsatisfied dependency expressed through constructor parameter 1: Error creating bean with name 'discountUsageRepository' defined in cl.duoc.descuentos.repository.DiscountUsageRepository defined in @EnableJpaRepositories declared on JpaRepositoriesRegistrar.EnableJpaRepositoriesConfiguration: Not a managed type: class java.lang.Long
2026-06-19T18:54:37.976-04:00  INFO 18484 --- [discounts] [main] j.LocalContainerEntityManagerFactoryBean : Closing JPA EntityManagerFactory for persistence unit 'default'
2026-06-19T18:54:37.980-04:00  INFO 18484 --- [discounts] [main] com.zaxxer.hikari.HikariDataSource       : HikariPool-1 - Shutdown initiated...
2026-06-19T18:54:38.009-04:00  INFO 18484 --- [discounts] [main] com.zaxxer.hikari.HikariDataSource       : HikariPool-1 - Shutdown completed.
2026-06-19T18:54:38.014-04:00  INFO 18484 --- [discounts] [main] o.apache.catalina.core.StandardService   : Stopping service [Tomcat]
2026-06-19T18:54:38.041-04:00  INFO 18484 --- [discounts] [main] .s.b.a.l.ConditionEvaluationReportLogger : 

Error starting ApplicationContext. To display the condition evaluation report re-run your application with 'debug' enabled.
2026-06-19T18:54:38.077-04:00 ERROR 18484 --- [discounts] [main] o.s.boot.SpringApplication               : Application run failed

org.springframework.beans.factory.UnsatisfiedDependencyException: Error creating bean with name 'DIscountController' defined in file [C:\Users\xiota\Proyecto-Fullstack\descuentos\descuentos\target\classes\cl\duoc\descuentos\controller\DIscountController.class]: Unsatisfied dependency expressed through constructor parameter 0: Error creating bean with name 'discountService' defined in file [C:\Users\xiota\Proyecto-Fullstack\descuentos\descuentos\target\classes\cl\duoc\descuentos\service\DiscountService.class]: Unsatisfied dependency expressed through constructor parameter 1: Error creating bean with name 'discountUsageRepository' defined in cl.duoc.descuentos.repository.DiscountUsageRepository defined in @EnableJpaRepositories declared on JpaRepositoriesRegistrar.EnableJpaRepositoriesConfiguration: Not a managed type: class java.lang.Long
	at org.springframework.beans.factory.support.ConstructorResolver.createArgumentArray(ConstructorResolver.java:804) ~[spring-beans-6.2.8.jar:6.2.8]
	at org.springframework.beans.factory.support.ConstructorResolver.autowireConstructor(ConstructorResolver.java:240) ~[spring-beans-6.2.8.jar:6.2.8]
	at org.springframework.beans.factory.support.AbstractAutowireCapableBeanFactory.autowireConstructor(AbstractAutowireCapableBeanFactory.java:1395) ~[spring-beans-6.2.8.jar:6.2.8]
	at org.springframework.beans.factory.support.AbstractAutowireCapableBeanFactory.createBeanInstance(AbstractAutowireCapableBeanFactory.java:1232) ~[spring-beans-6.2.8.jar:6.2.8]
	at org.springframework.beans.factory.support.AbstractAutowireCapableBeanFactory.doCreateBean(AbstractAutowireCapableBeanFactory.java:569) ~[spring-beans-6.2.8.jar:6.2.8]
	at org.springframework.beans.factory.support.AbstractAutowireCapableBeanFactory.createBean(AbstractAutowireCapableBeanFactory.java:529) ~[spring-beans-6.2.8.jar:6.2.8]
	at org.springframework.beans.factory.support.AbstractBeanFactory.lambda$doGetBean$0(AbstractBeanFactory.java:339) ~[spring-beans-6.2.8.jar:6.2.8]
	at org.springframework.beans.factory.support.DefaultSingletonBeanRegistry.getSingleton(DefaultSingletonBeanRegistry.java:373) ~[spring-beans-6.2.8.jar:6.2.8]
	at org.springframework.beans.factory.support.AbstractBeanFactory.doGetBean(AbstractBeanFactory.java:337) ~[spring-beans-6.2.8.jar:6.2.8]
	at org.springframework.beans.factory.support.AbstractBeanFactory.getBean(AbstractBeanFactory.java:202) ~[spring-beans-6.2.8.jar:6.2.8]
	at org.springframework.beans.factory.support.DefaultListableBeanFactory.instantiateSingleton(DefaultListableBeanFactory.java:1222) ~[spring-beans-6.2.8.jar:6.2.8]
	at org.springframework.beans.factory.support.DefaultListableBeanFactory.preInstantiateSingleton(DefaultListableBeanFactory.java:1188) ~[spring-beans-6.2.8.jar:6.2.8]
	at org.springframework.beans.factory.support.DefaultListableBeanFactory.preInstantiateSingletons(DefaultListableBeanFactory.java:1123) ~[spring-beans-6.2.8.jar:6.2.8]
	at org.springframework.context.support.AbstractApplicationContext.finishBeanFactoryInitialization(AbstractApplicationContext.java:987) ~[spring-context-6.2.8.jar:6.2.8]
	at org.springframework.context.support.AbstractApplicationContext.refresh(AbstractApplicationContext.java:627) ~[spring-context-6.2.8.jar:6.2.8]
	at org.springframework.boot.web.servlet.context.ServletWebServerApplicationContext.refresh(ServletWebServerApplicationContext.java:146) ~[spring-boot-3.5.3.jar:3.5.3]
	at org.springframework.boot.SpringApplication.refresh(SpringApplication.java:752) ~[spring-boot-3.5.3.jar:3.5.3]
	at org.springframework.boot.SpringApplication.refreshContext(SpringApplication.java:439) ~[spring-boot-3.5.3.jar:3.5.3]
	at org.springframework.boot.SpringApplication.run(SpringApplication.java:318) ~[spring-boot-3.5.3.jar:3.5.3]
	at org.springframework.boot.SpringApplication.run(SpringApplication.java:1361) ~[spring-boot-3.5.3.jar:3.5.3]
	at org.springframework.boot.SpringApplication.run(SpringApplication.java:1350) ~[spring-boot-3.5.3.jar:3.5.3]
	at cl.duoc.descuentos.DescuentosApplication.main(DescuentosApplication.java:10) ~[classes/:na]
Caused by: org.springframework.beans.factory.UnsatisfiedDependencyException: Error creating bean with name 'discountService' defined in file [C:\Users\xiota\Proyecto-Fullstack\descuentos\descuentos\target\classes\cl\duoc\descuentos\service\DiscountService.class]: Unsatisfied dependency expressed through constructor parameter 1: Error creating bean with name 'discountUsageRepository' defined in cl.duoc.descuentos.repository.DiscountUsageRepository defined in @EnableJpaRepositories declared on JpaRepositoriesRegistrar.EnableJpaRepositoriesConfiguration: Not a managed type: class java.lang.Long
	at org.springframework.beans.factory.support.ConstructorResolver.createArgumentArray(ConstructorResolver.java:804) ~[spring-beans-6.2.8.jar:6.2.8]
	at org.springframework.beans.factory.support.ConstructorResolver.autowireConstructor(ConstructorResolver.java:240) ~[spring-beans-6.2.8.jar:6.2.8]
	at org.springframework.beans.factory.support.AbstractAutowireCapableBeanFactory.autowireConstructor(AbstractAutowireCapableBeanFactory.java:1395) ~[spring-beans-6.2.8.jar:6.2.8]
	at org.springframework.beans.factory.support.AbstractAutowireCapableBeanFactory.createBeanInstance(AbstractAutowireCapableBeanFactory.java:1232) ~[spring-beans-6.2.8.jar:6.2.8]
	at org.springframework.beans.factory.support.AbstractAutowireCapableBeanFactory.doCreateBean(AbstractAutowireCapableBeanFactory.java:569) ~[spring-beans-6.2.8.jar:6.2.8]
	at org.springframework.beans.factory.support.AbstractAutowireCapableBeanFactory.createBean(AbstractAutowireCapableBeanFactory.java:529) ~[spring-beans-6.2.8.jar:6.2.8]
	at org.springframework.beans.factory.support.AbstractBeanFactory.lambda$doGetBean$0(AbstractBeanFactory.java:339) ~[spring-beans-6.2.8.jar:6.2.8]
	at org.springframework.beans.factory.support.DefaultSingletonBeanRegistry.getSingleton(DefaultSingletonBeanRegistry.java:373) ~[spring-beans-6.2.8.jar:6.2.8]
	at org.springframework.beans.factory.support.AbstractBeanFactory.doGetBean(AbstractBeanFactory.java:337) ~[spring-beans-6.2.8.jar:6.2.8]
	at org.springframework.beans.factory.support.AbstractBeanFactory.getBean(AbstractBeanFactory.java:202) ~[spring-beans-6.2.8.jar:6.2.8]
	at org.springframework.beans.factory.support.DefaultListableBeanFactory.doResolveDependency(DefaultListableBeanFactory.java:1683) ~[spring-beans-6.2.8.jar:6.2.8]
	at org.springframework.beans.factory.support.DefaultListableBeanFactory.resolveDependency(DefaultListableBeanFactory.java:1628) ~[spring-beans-6.2.8.jar:6.2.8]
	at org.springframework.beans.factory.support.ConstructorResolver.resolveAutowiredArgument(ConstructorResolver.java:913) ~[spring-beans-6.2.8.jar:6.2.8]
	at org.springframework.beans.factory.support.ConstructorResolver.createArgumentArray(ConstructorResolver.java:791) ~[spring-beans-6.2.8.jar:6.2.8]
	... 21 common frames omitted
Caused by: org.springframework.beans.factory.BeanCreationException: Error creating bean with name 'discountUsageRepository' defined in cl.duoc.descuentos.repository.DiscountUsageRepository defined in @EnableJpaRepositories declared on JpaRepositoriesRegistrar.EnableJpaRepositoriesConfiguration: Not a managed type: class java.lang.Long
	at org.springframework.beans.factory.support.AbstractAutowireCapableBeanFactory.initializeBean(AbstractAutowireCapableBeanFactory.java:1826) ~[spring-beans-6.2.8.jar:6.2.8]
	at org.springframework.beans.factory.support.AbstractAutowireCapableBeanFactory.doCreateBean(AbstractAutowireCapableBeanFactory.java:607) ~[spring-beans-6.2.8.jar:6.2.8]
	at org.springframework.beans.factory.support.AbstractAutowireCapableBeanFactory.createBean(AbstractAutowireCapableBeanFactory.java:529) ~[spring-beans-6.2.8.jar:6.2.8]
	at org.springframework.beans.factory.support.AbstractBeanFactory.lambda$doGetBean$0(AbstractBeanFactory.java:339) ~[spring-beans-6.2.8.jar:6.2.8]
	at org.springframework.beans.factory.support.DefaultSingletonBeanRegistry.getSingleton(DefaultSingletonBeanRegistry.java:373) ~[spring-beans-6.2.8.jar:6.2.8]
	at org.springframework.beans.factory.support.AbstractBeanFactory.doGetBean(AbstractBeanFactory.java:337) ~[spring-beans-6.2.8.jar:6.2.8]
	at org.springframework.beans.factory.support.AbstractBeanFactory.getBean(AbstractBeanFactory.java:202) ~[spring-beans-6.2.8.jar:6.2.8]
	at org.springframework.beans.factory.support.DefaultListableBeanFactory.doResolveDependency(DefaultListableBeanFactory.java:1683) ~[spring-beans-6.2.8.jar:6.2.8]
	at org.springframework.beans.factory.support.DefaultListableBeanFactory.resolveDependency(DefaultListableBeanFactory.java:1628) ~[spring-beans-6.2.8.jar:6.2.8]
	at org.springframework.beans.factory.support.ConstructorResolver.resolveAutowiredArgument(ConstructorResolver.java:913) ~[spring-beans-6.2.8.jar:6.2.8]
	at org.springframework.beans.factory.support.ConstructorResolver.createArgumentArray(ConstructorResolver.java:791) ~[spring-beans-6.2.8.jar:6.2.8]
	... 34 common frames omitted
Caused by: java.lang.IllegalArgumentException: Not a managed type: class java.lang.Long
	at org.hibernate.metamodel.model.domain.internal.JpaMetamodelImpl.managedType(JpaMetamodelImpl.java:223) ~[hibernate-core-6.6.18.Final.jar:6.6.18.Final]
	at org.hibernate.metamodel.model.domain.internal.MappingMetamodelImpl.managedType(MappingMetamodelImpl.java:470) ~[hibernate-core-6.6.18.Final.jar:6.6.18.Final]
	at org.hibernate.metamodel.model.domain.internal.MappingMetamodelImpl.managedType(MappingMetamodelImpl.java:100) ~[hibernate-core-6.6.18.Final.jar:6.6.18.Final]
	at org.springframework.data.jpa.repository.support.JpaMetamodelEntityInformation.<init>(JpaMetamodelEntityInformation.java:82) ~[spring-data-jpa-3.5.1.jar:3.5.1]
	at org.springframework.data.jpa.repository.support.JpaEntityInformationSupport.getEntityInformation(JpaEntityInformationSupport.java:69) ~[spring-data-jpa-3.5.1.jar:3.5.1]
	at org.springframework.data.jpa.repository.support.JpaRepositoryFactory.getEntityInformation(JpaRepositoryFactory.java:251) ~[spring-data-jpa-3.5.1.jar:3.5.1]
	at org.springframework.data.jpa.repository.support.JpaRepositoryFactory.getTargetRepository(JpaRepositoryFactory.java:215) ~[spring-data-jpa-3.5.1.jar:3.5.1]
	at org.springframework.data.jpa.repository.support.JpaRepositoryFactory.getTargetRepository(JpaRepositoryFactory.java:198) ~[spring-data-jpa-3.5.1.jar:3.5.1]
	at org.springframework.data.jpa.repository.support.JpaRepositoryFactory.getTargetRepository(JpaRepositoryFactory.java:1) ~[spring-data-jpa-3.5.1.jar:3.5.1]
	at org.springframework.data.repository.core.support.RepositoryFactorySupport.getRepository(RepositoryFactorySupport.java:380) ~[spring-data-commons-3.5.1.jar:3.5.1]
	at org.springframework.data.repository.core.support.RepositoryFactoryBeanSupport.lambda$afterPropertiesSet$4(RepositoryFactoryBeanSupport.java:350) ~[spring-data-commons-3.5.1.jar:3.5.1]
	at org.springframework.data.util.Lazy.getNullable(Lazy.java:135) ~[spring-data-commons-3.5.1.jar:3.5.1]
	at org.springframework.data.util.Lazy.get(Lazy.java:113) ~[spring-data-commons-3.5.1.jar:3.5.1]
	at org.springframework.data.repository.core.support.RepositoryFactoryBeanSupport.afterPropertiesSet(RepositoryFactoryBeanSupport.java:356) ~[spring-data-commons-3.5.1.jar:3.5.1]
	at org.springframework.data.jpa.repository.support.JpaRepositoryFactoryBean.afterPropertiesSet(JpaRepositoryFactoryBean.java:132) ~[spring-data-jpa-3.5.1.jar:3.5.1]
	at org.springframework.beans.factory.support.AbstractAutowireCapableBeanFactory.invokeInitMethods(AbstractAutowireCapableBeanFactory.java:1873) ~[spring-beans-6.2.8.jar:6.2.8]
	at org.springframework.beans.factory.support.AbstractAutowireCapableBeanFactory.initializeBean(AbstractAutowireCapableBeanFactory.java:1822) ~[spring-beans-6.2.8.jar:6.2.8]
	... 44 common frames omitted

2026-06-19T19:07:43.859-04:00  INFO 16640 --- [discounts] [main] c.duoc.descuentos.DescuentosApplication  : Starting DescuentosApplication using Java 21.0.10 with PID 16640 (C:\Users\xiota\Proyecto-Fullstack\descuentos\descuentos\target\classes started by xiota in C:\Users\xiota\Proyecto-Fullstack\descuentos\descuentos)
2026-06-19T19:07:43.863-04:00  INFO 16640 --- [discounts] [main] c.duoc.descuentos.DescuentosApplication  : No active profile set, falling back to 1 default profile: "default"
2026-06-19T19:07:47.185-04:00  INFO 16640 --- [discounts] [main] .s.d.r.c.RepositoryConfigurationDelegate : Bootstrapping Spring Data JPA repositories in DEFAULT mode.
2026-06-19T19:07:47.596-04:00  INFO 16640 --- [discounts] [main] .s.d.r.c.RepositoryConfigurationDelegate : Finished Spring Data repository scanning in 360 ms. Found 2 JPA repository interfaces.
2026-06-19T19:07:48.612-04:00  INFO 16640 --- [discounts] [main] o.s.cloud.context.scope.GenericScope     : BeanFactory id=27383239-a38c-331b-9cb1-1b3f8440c3bb
2026-06-19T19:07:50.169-04:00  INFO 16640 --- [discounts] [main] o.s.b.w.embedded.tomcat.TomcatWebServer  : Tomcat initialized with port 8088 (http)
2026-06-19T19:07:50.228-04:00  INFO 16640 --- [discounts] [main] o.apache.catalina.core.StandardService   : Starting service [Tomcat]
2026-06-19T19:07:50.230-04:00  INFO 16640 --- [discounts] [main] o.apache.catalina.core.StandardEngine    : Starting Servlet engine: [Apache Tomcat/10.1.42]
2026-06-19T19:07:50.505-04:00  INFO 16640 --- [discounts] [main] o.a.c.c.C.[Tomcat].[localhost].[/]       : Initializing Spring embedded WebApplicationContext
2026-06-19T19:07:50.506-04:00  INFO 16640 --- [discounts] [main] w.s.c.ServletWebServerApplicationContext : Root WebApplicationContext: initialization completed in 6554 ms
2026-06-19T19:07:51.481-04:00  INFO 16640 --- [discounts] [main] o.hibernate.jpa.internal.util.LogHelper  : HHH000204: Processing PersistenceUnitInfo [name: default]
2026-06-19T19:07:51.656-04:00  INFO 16640 --- [discounts] [main] org.hibernate.Version                    : HHH000412: Hibernate ORM core version 6.6.18.Final
2026-06-19T19:07:51.768-04:00  INFO 16640 --- [discounts] [main] o.h.c.internal.RegionFactoryInitiator    : HHH000026: Second-level cache disabled
2026-06-19T19:07:52.513-04:00  INFO 16640 --- [discounts] [main] o.s.o.j.p.SpringPersistenceUnitInfo      : No LoadTimeWeaver setup: ignoring JPA class transformer
2026-06-19T19:07:52.600-04:00  INFO 16640 --- [discounts] [main] com.zaxxer.hikari.HikariDataSource       : HikariPool-1 - Starting...
2026-06-19T19:07:53.106-04:00  INFO 16640 --- [discounts] [main] com.zaxxer.hikari.pool.HikariPool        : HikariPool-1 - Added connection com.mysql.cj.jdbc.ConnectionImpl@74919649
2026-06-19T19:07:53.111-04:00  INFO 16640 --- [discounts] [main] com.zaxxer.hikari.HikariDataSource       : HikariPool-1 - Start completed.
2026-06-19T19:07:53.280-04:00  WARN 16640 --- [discounts] [main] org.hibernate.orm.deprecation            : HHH90000025: MySQLDialect does not need to be specified explicitly using 'hibernate.dialect' (remove the property setting and it will be selected by default)
2026-06-19T19:07:53.353-04:00  INFO 16640 --- [discounts] [main] org.hibernate.orm.connections.pooling    : HHH10001005: Database info:
	Database JDBC URL [Connecting through datasource 'HikariDataSource (HikariPool-1)']
	Database driver: undefined/unknown
	Database version: 8.0.46
	Autocommit mode: undefined/unknown
	Isolation level: undefined/unknown
	Minimum pool size: undefined/unknown
	Maximum pool size: undefined/unknown
2026-06-19T19:07:55.578-04:00  INFO 16640 --- [discounts] [main] o.h.e.t.j.p.i.JtaPlatformInitiator       : HHH000489: No JTA platform available (set 'hibernate.transaction.jta.platform' to enable JTA platform integration)
2026-06-19T19:07:55.716-04:00  INFO 16640 --- [discounts] [main] j.LocalContainerEntityManagerFactoryBean : Initialized JPA EntityManagerFactory for persistence unit 'default'
2026-06-19T19:07:56.690-04:00  WARN 16640 --- [discounts] [main] JpaBaseConfiguration$JpaWebConfiguration : spring.jpa.open-in-view is enabled by default. Therefore, database queries may be performed during view rendering. Explicitly configure spring.jpa.open-in-view to disable this warning
2026-06-19T19:07:58.272-04:00  WARN 16640 --- [discounts] [main] .s.s.UserDetailsServiceAutoConfiguration : 

Using generated security password: 7c1cf58d-ab42-4f73-9845-b659a70ca872

This generated password is for development use only. Your security configuration must be updated before running your application in production.

2026-06-19T19:07:58.295-04:00  INFO 16640 --- [discounts] [main] r$InitializeUserDetailsManagerConfigurer : Global AuthenticationManager configured with UserDetailsService bean with name inMemoryUserDetailsManager
2026-06-19T19:07:58.496-04:00  INFO 16640 --- [discounts] [main] o.s.b.a.e.web.EndpointLinksResolver      : Exposing 2 endpoints beneath base path '/actuator'
2026-06-19T19:07:58.801-04:00  INFO 16640 --- [discounts] [main] DiscoveryClientOptionalArgsConfiguration : Eureka HTTP Client uses RestTemplate.
2026-06-19T19:07:58.911-04:00  WARN 16640 --- [discounts] [main] iguration$LoadBalancerCaffeineWarnLogger : Spring Cloud LoadBalancer is currently working with the default cache. While this cache implementation is useful for development and tests, it's recommended to use Caffeine cache in production.You can switch to using Caffeine cache, by adding it and org.springframework.cache.caffeine.CaffeineCacheManager to the classpath.
2026-06-19T19:07:59.139-04:00  INFO 16640 --- [discounts] [main] o.s.c.n.eureka.InstanceInfoFactory       : Setting initial instance status as: STARTING
2026-06-19T19:07:59.186-04:00  INFO 16640 --- [discounts] [main] com.netflix.discovery.DiscoveryClient    : Initializing Eureka in region us-east-1
2026-06-19T19:07:59.193-04:00  INFO 16640 --- [discounts] [main] c.n.d.s.r.aws.ConfigClusterResolver      : Resolving eureka endpoints via configuration
2026-06-19T19:07:59.224-04:00  INFO 16640 --- [discounts] [main] com.netflix.discovery.DiscoveryClient    : Disable delta property : false
2026-06-19T19:07:59.225-04:00  INFO 16640 --- [discounts] [main] com.netflix.discovery.DiscoveryClient    : Single vip registry refresh property : null
2026-06-19T19:07:59.226-04:00  INFO 16640 --- [discounts] [main] com.netflix.discovery.DiscoveryClient    : Force full registry fetch : false
2026-06-19T19:07:59.227-04:00  INFO 16640 --- [discounts] [main] com.netflix.discovery.DiscoveryClient    : Application is null : false
2026-06-19T19:07:59.228-04:00  INFO 16640 --- [discounts] [main] com.netflix.discovery.DiscoveryClient    : Registered Applications size is zero : true
2026-06-19T19:07:59.228-04:00  INFO 16640 --- [discounts] [main] com.netflix.discovery.DiscoveryClient    : Application version is -1: true
2026-06-19T19:07:59.229-04:00  INFO 16640 --- [discounts] [main] com.netflix.discovery.DiscoveryClient    : Getting all instance registry info from the eureka server
2026-06-19T19:07:59.922-04:00  INFO 16640 --- [discounts] [main] com.netflix.discovery.DiscoveryClient    : The response status is 200
2026-06-19T19:07:59.926-04:00  INFO 16640 --- [discounts] [main] com.netflix.discovery.DiscoveryClient    : Starting heartbeat executor: renew interval is: 30
2026-06-19T19:07:59.942-04:00  INFO 16640 --- [discounts] [main] c.n.discovery.InstanceInfoReplicator     : InstanceInfoReplicator onDemand update allowed rate per min is 4
2026-06-19T19:07:59.946-04:00  INFO 16640 --- [discounts] [main] com.netflix.discovery.DiscoveryClient    : Discovery Client initialized at timestamp 1781910479945 with initial instances count: 2
2026-06-19T19:07:59.960-04:00  INFO 16640 --- [discounts] [main] o.s.c.n.e.s.EurekaServiceRegistry        : Registering application DISCOUNTS with eureka with status UP
2026-06-19T19:07:59.962-04:00  INFO 16640 --- [discounts] [main] com.netflix.discovery.DiscoveryClient    : Saw local status change event StatusChangeEvent [timestamp=1781910479962, current=UP, previous=STARTING]
2026-06-19T19:07:59.970-04:00  INFO 16640 --- [discounts] [DiscoveryClient-InstanceInfoReplicator-%d] com.netflix.discovery.DiscoveryClient    : DiscoveryClient_DISCOUNTS/discounts:8088: registering service...
2026-06-19T19:08:00.036-04:00  INFO 16640 --- [discounts] [main] o.s.b.w.embedded.tomcat.TomcatWebServer  : Tomcat started on port 8088 (http) with context path '/'
2026-06-19T19:08:00.040-04:00  INFO 16640 --- [discounts] [main] .s.c.n.e.s.EurekaAutoServiceRegistration : Updating port to 8088
2026-06-19T19:08:00.102-04:00  INFO 16640 --- [discounts] [DiscoveryClient-InstanceInfoReplicator-%d] com.netflix.discovery.DiscoveryClient    : DiscoveryClient_DISCOUNTS/discounts:8088 - registration status: 204
2026-06-19T19:08:00.107-04:00  INFO 16640 --- [discounts] [main] c.duoc.descuentos.DescuentosApplication  : Started DescuentosApplication in 17.667 seconds (process running for 19.501)
2026-06-19T19:12:59.251-04:00  INFO 16640 --- [discounts] [AsyncResolver-bootstrap-executor-%d] c.n.d.s.r.aws.ConfigClusterResolver      : Resolving eureka endpoints via configuration
2026-06-19T19:17:59.259-04:00  INFO 16640 --- [discounts] [AsyncResolver-bootstrap-executor-%d] c.n.d.s.r.aws.ConfigClusterResolver      : Resolving eureka endpoints via configuration
2026-06-19T19:22:59.260-04:00  INFO 16640 --- [discounts] [AsyncResolver-bootstrap-executor-%d] c.n.d.s.r.aws.ConfigClusterResolver      : Resolving eureka endpoints via configuration
2026-06-19T19:27:59.275-04:00  INFO 16640 --- [discounts] [AsyncResolver-bootstrap-executor-%d] c.n.d.s.r.aws.ConfigClusterResolver      : Resolving eureka endpoints via configuration
2026-06-19T19:31:34.767-04:00  INFO 16640 --- [discounts] [http-nio-8088-exec-1] o.a.c.c.C.[Tomcat].[localhost].[/]       : Initializing Spring DispatcherServlet 'dispatcherServlet'
2026-06-19T19:31:34.771-04:00  INFO 16640 --- [discounts] [http-nio-8088-exec-1] o.s.web.servlet.DispatcherServlet        : Initializing Servlet 'dispatcherServlet'
2026-06-19T19:31:34.817-04:00  INFO 16640 --- [discounts] [http-nio-8088-exec-1] o.s.web.servlet.DispatcherServlet        : Completed initialization in 44 ms
2026-06-19T19:32:59.329-04:00  INFO 16640 --- [discounts] [AsyncResolver-bootstrap-executor-%d] c.n.d.s.r.aws.ConfigClusterResolver      : Resolving eureka endpoints via configuration
2026-06-19T19:37:59.370-04:00  INFO 16640 --- [discounts] [AsyncResolver-bootstrap-executor-%d] c.n.d.s.r.aws.ConfigClusterResolver      : Resolving eureka endpoints via configuration
2026-06-19T19:42:59.378-04:00  INFO 16640 --- [discounts] [AsyncResolver-bootstrap-executor-%d] c.n.d.s.r.aws.ConfigClusterResolver      : Resolving eureka endpoints via configuration
2026-06-19T19:47:59.390-04:00  INFO 16640 --- [discounts] [AsyncResolver-bootstrap-executor-%d] c.n.d.s.r.aws.ConfigClusterResolver      : Resolving eureka endpoints via configuration
2026-06-19T19:52:59.395-04:00  INFO 16640 --- [discounts] [AsyncResolver-bootstrap-executor-%d] c.n.d.s.r.aws.ConfigClusterResolver      : Resolving eureka endpoints via configuration
2026-06-19T19:57:59.406-04:00  INFO 16640 --- [discounts] [AsyncResolver-bootstrap-executor-%d] c.n.d.s.r.aws.ConfigClusterResolver      : Resolving eureka endpoints via configuration
2026-06-19T20:02:59.425-04:00  INFO 16640 --- [discounts] [AsyncResolver-bootstrap-executor-%d] c.n.d.s.r.aws.ConfigClusterResolver      : Resolving eureka endpoints via configuration
