2026-06-20T15:38:58.004-04:00  INFO 23616 --- [users] [main] cl.duoc.usuarios.UsuariosApplication     : Starting UsuariosApplication using Java 21.0.10 with PID 23616 (C:\Users\xiota\Proyecto-Fullstack\usuarios\usuarios\target\classes started by xiota in C:\Users\xiota\Proyecto-Fullstack\usuarios\usuarios)
2026-06-20T15:38:58.009-04:00  INFO 23616 --- [users] [main] cl.duoc.usuarios.UsuariosApplication     : No active profile set, falling back to 1 default profile: "default"
2026-06-20T15:38:59.416-04:00  INFO 23616 --- [users] [main] .s.d.r.c.RepositoryConfigurationDelegate : Bootstrapping Spring Data JPA repositories in DEFAULT mode.
2026-06-20T15:38:59.511-04:00  INFO 23616 --- [users] [main] .s.d.r.c.RepositoryConfigurationDelegate : Finished Spring Data repository scanning in 80 ms. Found 1 JPA repository interface.
2026-06-20T15:39:00.283-04:00  INFO 23616 --- [users] [main] o.s.boot.tomcat.TomcatWebServer          : Tomcat initialized with port 8080 (http)
2026-06-20T15:39:00.310-04:00  INFO 23616 --- [users] [main] o.apache.catalina.core.StandardService   : Starting service [Tomcat]
2026-06-20T15:39:00.311-04:00  INFO 23616 --- [users] [main] o.apache.catalina.core.StandardEngine    : Starting Servlet engine: [Apache Tomcat/11.0.21]
2026-06-20T15:39:00.455-04:00  INFO 23616 --- [users] [main] b.w.c.s.WebApplicationContextInitializer : Root WebApplicationContext: initialization completed in 2368 ms
2026-06-20T15:39:00.875-04:00  INFO 23616 --- [users] [main] org.hibernate.orm.jpa                    : HHH008540: Processing PersistenceUnitInfo [name: default]
2026-06-20T15:39:00.988-04:00  INFO 23616 --- [users] [main] org.hibernate.orm.core                   : HHH000001: Hibernate ORM core version 7.2.12.Final
2026-06-20T15:39:01.836-04:00  INFO 23616 --- [users] [main] o.s.o.j.p.SpringPersistenceUnitInfo      : No LoadTimeWeaver setup: ignoring JPA class transformer
2026-06-20T15:39:01.941-04:00  INFO 23616 --- [users] [main] com.zaxxer.hikari.HikariDataSource       : HikariPool-1 - Starting...
2026-06-20T15:39:02.528-04:00  INFO 23616 --- [users] [main] com.zaxxer.hikari.pool.HikariPool        : HikariPool-1 - Added connection com.mysql.cj.jdbc.ConnectionImpl@3514237f
2026-06-20T15:39:02.534-04:00  INFO 23616 --- [users] [main] com.zaxxer.hikari.HikariDataSource       : HikariPool-1 - Start completed.
2026-06-20T15:39:02.755-04:00  WARN 23616 --- [users] [main] org.hibernate.orm.deprecation            : HHH90000025: MySQLDialect does not need to be specified explicitly using 'hibernate.dialect' (remove the property setting and it will be selected by default)
2026-06-20T15:39:02.819-04:00  INFO 23616 --- [users] [main] org.hibernate.orm.connections.pooling    : HHH10001005: Database info:
	Database JDBC URL [jdbc:mysql://localhost:3316/order_db?useSSL=false&allowPublicKeyRetrieval=true&serverTimezone=UTC]
	Database driver: MySQL Connector/J
	Database dialect: MySQLDialect
	Database version: 8.0.46
	Default catalog/schema: order_db/undefined
	Autocommit mode: undefined/unknown
	Isolation level: REPEATABLE_READ [default REPEATABLE_READ]
	JDBC fetch size: none
	Pool: DataSourceConnectionProvider
	Minimum pool size: undefined/unknown
	Maximum pool size: undefined/unknown
2026-06-20T15:39:04.360-04:00  INFO 23616 --- [users] [main] org.hibernate.orm.core                   : HHH000489: No JTA platform available (set 'hibernate.transaction.jta.platform' to enable JTA platform integration)
2026-06-20T15:39:05.208-04:00  INFO 23616 --- [users] [main] j.LocalContainerEntityManagerFactoryBean : Initialized JPA EntityManagerFactory for persistence unit 'default'
2026-06-20T15:39:05.321-04:00  INFO 23616 --- [users] [main] o.s.d.j.r.query.QueryEnhancerFactories   : Hibernate is in classpath; If applicable, HQL parser will be used.
2026-06-20T15:39:05.639-04:00  WARN 23616 --- [users] [main] JpaBaseConfiguration$JpaWebConfiguration : spring.jpa.open-in-view is enabled by default. Therefore, database queries may be performed during view rendering. Explicitly configure spring.jpa.open-in-view to disable this warning
2026-06-20T15:39:06.337-04:00  WARN 23616 --- [users] [main] .s.a.UserDetailsServiceAutoConfiguration : 

Using generated security password: 801a4c1c-61ac-4fd7-8e7d-cbf7758a32bc

This generated password is for development use only. Your security configuration must be updated before running your application in production.

2026-06-20T15:39:06.382-04:00  INFO 23616 --- [users] [main] r$InitializeUserDetailsManagerConfigurer : Global AuthenticationManager configured with UserDetailsService bean with name inMemoryUserDetailsManager
2026-06-20T15:39:06.616-04:00  INFO 23616 --- [users] [main] o.s.b.a.e.web.EndpointLinksResolver      : Exposing 2 endpoints beneath base path '/actuator'
2026-06-20T15:39:06.775-04:00  INFO 23616 --- [users] [main] o.s.boot.tomcat.TomcatWebServer          : Tomcat started on port 8080 (http) with context path '/'
2026-06-20T15:39:06.786-04:00  INFO 23616 --- [users] [main] cl.duoc.usuarios.UsuariosApplication     : Started UsuariosApplication in 9.714 seconds (process running for 10.581)
2026-06-20T15:42:23.960-04:00  INFO 23616 --- [users] [http-nio-8080-exec-3] o.a.c.c.C.[Tomcat].[localhost].[/]       : Initializing Spring DispatcherServlet 'dispatcherServlet'
2026-06-20T15:42:23.963-04:00  INFO 23616 --- [users] [http-nio-8080-exec-3] o.s.web.servlet.DispatcherServlet        : Initializing Servlet 'dispatcherServlet'
2026-06-20T15:42:23.970-04:00  INFO 23616 --- [users] [http-nio-8080-exec-3] o.s.web.servlet.DispatcherServlet        : Completed initialization in 6 ms
2026-06-20T15:48:57.340-04:00  INFO 23616 --- [users] [SpringApplicationShutdownHook] o.s.boot.tomcat.GracefulShutdown         : Commencing graceful shutdown. Waiting for active requests to complete
2026-06-20T15:48:57.358-04:00  INFO 23616 --- [users] [tomcat-shutdown] o.s.boot.tomcat.GracefulShutdown         : Graceful shutdown complete
2026-06-20T15:48:57.369-04:00  INFO 23616 --- [users] [SpringApplicationShutdownHook] j.LocalContainerEntityManagerFactoryBean : Closing JPA EntityManagerFactory for persistence unit 'default'
2026-06-20T15:48:57.373-04:00  INFO 23616 --- [users] [SpringApplicationShutdownHook] com.zaxxer.hikari.HikariDataSource       : HikariPool-1 - Shutdown initiated...
2026-06-20T15:48:57.395-04:00  INFO 23616 --- [users] [SpringApplicationShutdownHook] com.zaxxer.hikari.HikariDataSource       : HikariPool-1 - Shutdown completed.
