2026-06-20T15:33:36.535-04:00  INFO 19552 --- [gateway] [restartedMain] cl.duoc.gateway.GatewayApplication       : Starting GatewayApplication using Java 21.0.10 with PID 19552 (C:\Users\xiota\Proyecto-Fullstack\gateway\gateway\target\classes started by xiota in C:\Users\xiota\Proyecto-Fullstack\gateway\gateway)
2026-06-20T15:33:36.539-04:00 DEBUG 19552 --- [gateway] [restartedMain] cl.duoc.gateway.GatewayApplication       : Running with Spring Boot v4.0.7, Spring v7.0.8
2026-06-20T15:33:36.540-04:00  INFO 19552 --- [gateway] [restartedMain] cl.duoc.gateway.GatewayApplication       : No active profile set, falling back to 1 default profile: "default"
2026-06-20T15:33:36.659-04:00  INFO 19552 --- [gateway] [restartedMain] .e.DevToolsPropertyDefaultsPostProcessor : Devtools property defaults active! Set 'spring.devtools.add-properties' to 'false' to disable
2026-06-20T15:33:39.278-04:00  INFO 19552 --- [gateway] [restartedMain] o.s.cloud.context.scope.GenericScope     : BeanFactory id=142c4ece-bcae-3d57-a3b6-4953a07a272a
2026-06-20T15:33:40.598-04:00  INFO 19552 --- [gateway] [restartedMain] o.s.c.g.r.RouteDefinitionRouteLocator    : Loaded RoutePredicateFactory [After]
2026-06-20T15:33:40.598-04:00  INFO 19552 --- [gateway] [restartedMain] o.s.c.g.r.RouteDefinitionRouteLocator    : Loaded RoutePredicateFactory [Before]
2026-06-20T15:33:40.598-04:00  INFO 19552 --- [gateway] [restartedMain] o.s.c.g.r.RouteDefinitionRouteLocator    : Loaded RoutePredicateFactory [Between]
2026-06-20T15:33:40.599-04:00  INFO 19552 --- [gateway] [restartedMain] o.s.c.g.r.RouteDefinitionRouteLocator    : Loaded RoutePredicateFactory [Cookie]
2026-06-20T15:33:40.599-04:00  INFO 19552 --- [gateway] [restartedMain] o.s.c.g.r.RouteDefinitionRouteLocator    : Loaded RoutePredicateFactory [Header]
2026-06-20T15:33:40.599-04:00  INFO 19552 --- [gateway] [restartedMain] o.s.c.g.r.RouteDefinitionRouteLocator    : Loaded RoutePredicateFactory [Host]
2026-06-20T15:33:40.599-04:00  INFO 19552 --- [gateway] [restartedMain] o.s.c.g.r.RouteDefinitionRouteLocator    : Loaded RoutePredicateFactory [Method]
2026-06-20T15:33:40.600-04:00  INFO 19552 --- [gateway] [restartedMain] o.s.c.g.r.RouteDefinitionRouteLocator    : Loaded RoutePredicateFactory [Path]
2026-06-20T15:33:40.600-04:00  INFO 19552 --- [gateway] [restartedMain] o.s.c.g.r.RouteDefinitionRouteLocator    : Loaded RoutePredicateFactory [Query]
2026-06-20T15:33:40.601-04:00  INFO 19552 --- [gateway] [restartedMain] o.s.c.g.r.RouteDefinitionRouteLocator    : Loaded RoutePredicateFactory [ReadBody]
2026-06-20T15:33:40.601-04:00  INFO 19552 --- [gateway] [restartedMain] o.s.c.g.r.RouteDefinitionRouteLocator    : Loaded RoutePredicateFactory [RemoteAddr]
2026-06-20T15:33:40.602-04:00  INFO 19552 --- [gateway] [restartedMain] o.s.c.g.r.RouteDefinitionRouteLocator    : Loaded RoutePredicateFactory [Version]
2026-06-20T15:33:40.602-04:00  INFO 19552 --- [gateway] [restartedMain] o.s.c.g.r.RouteDefinitionRouteLocator    : Loaded RoutePredicateFactory [XForwardedRemoteAddr]
2026-06-20T15:33:40.603-04:00  INFO 19552 --- [gateway] [restartedMain] o.s.c.g.r.RouteDefinitionRouteLocator    : Loaded RoutePredicateFactory [Weight]
2026-06-20T15:33:40.604-04:00  INFO 19552 --- [gateway] [restartedMain] o.s.c.g.r.RouteDefinitionRouteLocator    : Loaded RoutePredicateFactory [CloudFoundryRouteService]
2026-06-20T15:33:41.056-04:00  INFO 19552 --- [gateway] [restartedMain] o.s.b.a.e.web.EndpointLinksResolver      : Exposing 2 endpoints beneath base path '/actuator'
2026-06-20T15:33:41.172-04:00  INFO 19552 --- [gateway] [restartedMain] ctiveUserDetailsServiceAutoConfiguration : 

Using generated security password: 572de761-5ebe-4978-bc33-ca9b092f03e9

2026-06-20T15:33:41.717-04:00  INFO 19552 --- [gateway] [restartedMain] DiscoveryClientOptionalArgsConfiguration : Eureka HTTP Client uses RestClient.
2026-06-20T15:33:41.772-04:00  WARN 19552 --- [gateway] [restartedMain] iguration$LoadBalancerCaffeineWarnLogger : Spring Cloud LoadBalancer is currently working with the default cache. While this cache implementation is useful for development and tests, it's recommended to use Caffeine cache in production.You can switch to using Caffeine cache, by adding it and org.springframework.cache.caffeine.CaffeineCacheManager to the classpath.
2026-06-20T15:33:41.835-04:00  INFO 19552 --- [gateway] [restartedMain] o.s.c.n.eureka.InstanceInfoFactory       : Setting initial instance status as: STARTING
2026-06-20T15:33:41.873-04:00  INFO 19552 --- [gateway] [restartedMain] com.netflix.discovery.DiscoveryClient    : Initializing Eureka in region us-east-1
2026-06-20T15:33:41.879-04:00  INFO 19552 --- [gateway] [restartedMain] c.n.d.s.r.aws.ConfigClusterResolver      : Resolving eureka endpoints via configuration
2026-06-20T15:33:41.898-04:00  INFO 19552 --- [gateway] [restartedMain] com.netflix.discovery.DiscoveryClient    : Disable delta property : false
2026-06-20T15:33:41.898-04:00  INFO 19552 --- [gateway] [restartedMain] com.netflix.discovery.DiscoveryClient    : Single vip registry refresh property : null
2026-06-20T15:33:41.899-04:00  INFO 19552 --- [gateway] [restartedMain] com.netflix.discovery.DiscoveryClient    : Force full registry fetch : false
2026-06-20T15:33:41.899-04:00  INFO 19552 --- [gateway] [restartedMain] com.netflix.discovery.DiscoveryClient    : Application is null : false
2026-06-20T15:33:41.900-04:00  INFO 19552 --- [gateway] [restartedMain] com.netflix.discovery.DiscoveryClient    : Registered Applications size is zero : true
2026-06-20T15:33:41.900-04:00  INFO 19552 --- [gateway] [restartedMain] com.netflix.discovery.DiscoveryClient    : Application version is -1: true
2026-06-20T15:33:41.900-04:00  INFO 19552 --- [gateway] [restartedMain] com.netflix.discovery.DiscoveryClient    : Getting all instance registry info from the eureka server
2026-06-20T15:33:42.554-04:00  INFO 19552 --- [gateway] [restartedMain] com.netflix.discovery.DiscoveryClient    : The response status is 200
2026-06-20T15:33:42.557-04:00  INFO 19552 --- [gateway] [restartedMain] com.netflix.discovery.DiscoveryClient    : Starting heartbeat executor: renew interval is: 30
2026-06-20T15:33:42.560-04:00  INFO 19552 --- [gateway] [restartedMain] c.n.discovery.InstanceInfoReplicator     : InstanceInfoReplicator onDemand update allowed rate per min is 4
2026-06-20T15:33:42.568-04:00  INFO 19552 --- [gateway] [restartedMain] com.netflix.discovery.DiscoveryClient    : Discovery Client initialized at timestamp 1781984022563 with initial instances count: 2
2026-06-20T15:33:42.575-04:00  INFO 19552 --- [gateway] [restartedMain] o.s.c.n.e.s.EurekaServiceRegistry        : Registering application GATEWAY with eureka with status UP
2026-06-20T15:33:42.578-04:00  INFO 19552 --- [gateway] [restartedMain] com.netflix.discovery.DiscoveryClient    : Saw local status change event StatusChangeEvent [timestamp=1781984022578, current=UP, previous=STARTING]
2026-06-20T15:33:42.583-04:00  INFO 19552 --- [gateway] [DiscoveryClient-InstanceInfoReplicator-%d] com.netflix.discovery.DiscoveryClient    : DiscoveryClient_GATEWAY/LAPTOP-T0QF0LRL.mshome.net:gateway:9999: registering service...
2026-06-20T15:33:42.640-04:00 DEBUG 19552 --- [gateway] [restartedMain] o.s.c.g.filter.GatewayMetricsFilter      : New routes count: 0
2026-06-20T15:33:42.666-04:00  INFO 19552 --- [gateway] [DiscoveryClient-InstanceInfoReplicator-%d] com.netflix.discovery.DiscoveryClient    : DiscoveryClient_GATEWAY/LAPTOP-T0QF0LRL.mshome.net:gateway:9999 - registration status: 204
2026-06-20T15:33:42.831-04:00  INFO 19552 --- [gateway] [restartedMain] o.s.boot.reactor.netty.NettyWebServer    : Netty started on port 9999 (http)
2026-06-20T15:33:42.837-04:00  INFO 19552 --- [gateway] [restartedMain] .s.c.n.e.s.EurekaAutoServiceRegistration : Updating port to 9999
2026-06-20T15:33:42.866-04:00 DEBUG 19552 --- [gateway] [restartedMain] o.s.c.g.filter.GatewayMetricsFilter      : New routes count: 0
2026-06-20T15:33:42.870-04:00  INFO 19552 --- [gateway] [restartedMain] cl.duoc.gateway.GatewayApplication       : Started GatewayApplication in 7.341 seconds (process running for 8.445)
2026-06-20T15:34:12.583-04:00 DEBUG 19552 --- [gateway] [DiscoveryClient-CacheRefreshExecutor-%d] o.s.c.g.filter.GatewayMetricsFilter      : New routes count: 0
2026-06-20T15:34:42.630-04:00 DEBUG 19552 --- [gateway] [DiscoveryClient-CacheRefreshExecutor-%d] o.s.c.g.filter.GatewayMetricsFilter      : New routes count: 0
2026-06-20T15:35:12.724-04:00 DEBUG 19552 --- [gateway] [DiscoveryClient-CacheRefreshExecutor-%d] o.s.c.g.filter.GatewayMetricsFilter      : New routes count: 0
2026-06-20T15:35:42.756-04:00 DEBUG 19552 --- [gateway] [DiscoveryClient-CacheRefreshExecutor-%d] o.s.c.g.filter.GatewayMetricsFilter      : New routes count: 0
2026-06-20T15:36:12.825-04:00 DEBUG 19552 --- [gateway] [DiscoveryClient-CacheRefreshExecutor-%d] o.s.c.g.filter.GatewayMetricsFilter      : New routes count: 0
2026-06-20T15:36:42.856-04:00 DEBUG 19552 --- [gateway] [DiscoveryClient-CacheRefreshExecutor-%d] o.s.c.g.filter.GatewayMetricsFilter      : New routes count: 0
2026-06-20T15:37:12.915-04:00 DEBUG 19552 --- [gateway] [DiscoveryClient-CacheRefreshExecutor-%d] o.s.c.g.filter.GatewayMetricsFilter      : New routes count: 0
2026-06-20T15:37:42.948-04:00 DEBUG 19552 --- [gateway] [DiscoveryClient-CacheRefreshExecutor-%d] o.s.c.g.filter.GatewayMetricsFilter      : New routes count: 0
2026-06-20T15:38:12.984-04:00 DEBUG 19552 --- [gateway] [DiscoveryClient-CacheRefreshExecutor-%d] o.s.c.g.filter.GatewayMetricsFilter      : New routes count: 0
2026-06-20T15:38:41.909-04:00  INFO 19552 --- [gateway] [AsyncResolver-bootstrap-executor-%d] c.n.d.s.r.aws.ConfigClusterResolver      : Resolving eureka endpoints via configuration
2026-06-20T15:38:43.016-04:00 DEBUG 19552 --- [gateway] [DiscoveryClient-CacheRefreshExecutor-%d] o.s.c.g.filter.GatewayMetricsFilter      : New routes count: 0
2026-06-20T15:39:13.057-04:00 DEBUG 19552 --- [gateway] [DiscoveryClient-CacheRefreshExecutor-%d] o.s.c.g.filter.GatewayMetricsFilter      : New routes count: 0
2026-06-20T15:39:43.084-04:00 DEBUG 19552 --- [gateway] [DiscoveryClient-CacheRefreshExecutor-%d] o.s.c.g.filter.GatewayMetricsFilter      : New routes count: 0
2026-06-20T15:40:13.110-04:00 DEBUG 19552 --- [gateway] [DiscoveryClient-CacheRefreshExecutor-%d] o.s.c.g.filter.GatewayMetricsFilter      : New routes count: 0
2026-06-20T15:40:43.135-04:00 DEBUG 19552 --- [gateway] [DiscoveryClient-CacheRefreshExecutor-%d] o.s.c.g.filter.GatewayMetricsFilter      : New routes count: 0
2026-06-20T15:41:13.286-04:00 DEBUG 19552 --- [gateway] [DiscoveryClient-CacheRefreshExecutor-%d] o.s.c.g.filter.GatewayMetricsFilter      : New routes count: 0
2026-06-20T15:41:43.329-04:00 DEBUG 19552 --- [gateway] [DiscoveryClient-CacheRefreshExecutor-%d] o.s.c.g.filter.GatewayMetricsFilter      : New routes count: 0
2026-06-20T15:42:13.362-04:00 DEBUG 19552 --- [gateway] [DiscoveryClient-CacheRefreshExecutor-%d] o.s.c.g.filter.GatewayMetricsFilter      : New routes count: 0
2026-06-20T15:42:43.415-04:00 DEBUG 19552 --- [gateway] [DiscoveryClient-CacheRefreshExecutor-%d] o.s.c.g.filter.GatewayMetricsFilter      : New routes count: 0
2026-06-20T15:43:13.460-04:00 DEBUG 19552 --- [gateway] [DiscoveryClient-CacheRefreshExecutor-%d] o.s.c.g.filter.GatewayMetricsFilter      : New routes count: 0
2026-06-20T15:43:41.928-04:00  INFO 19552 --- [gateway] [AsyncResolver-bootstrap-executor-%d] c.n.d.s.r.aws.ConfigClusterResolver      : Resolving eureka endpoints via configuration
2026-06-20T15:43:43.489-04:00 DEBUG 19552 --- [gateway] [DiscoveryClient-CacheRefreshExecutor-%d] o.s.c.g.filter.GatewayMetricsFilter      : New routes count: 0
2026-06-20T15:44:13.525-04:00 DEBUG 19552 --- [gateway] [DiscoveryClient-CacheRefreshExecutor-%d] o.s.c.g.filter.GatewayMetricsFilter      : New routes count: 0
2026-06-20T15:44:43.560-04:00 DEBUG 19552 --- [gateway] [DiscoveryClient-CacheRefreshExecutor-%d] o.s.c.g.filter.GatewayMetricsFilter      : New routes count: 0
2026-06-20T15:45:13.599-04:00 DEBUG 19552 --- [gateway] [DiscoveryClient-CacheRefreshExecutor-%d] o.s.c.g.filter.GatewayMetricsFilter      : New routes count: 0
2026-06-20T15:45:43.634-04:00 DEBUG 19552 --- [gateway] [DiscoveryClient-CacheRefreshExecutor-%d] o.s.c.g.filter.GatewayMetricsFilter      : New routes count: 0
2026-06-20T15:46:13.678-04:00 DEBUG 19552 --- [gateway] [DiscoveryClient-CacheRefreshExecutor-%d] o.s.c.g.filter.GatewayMetricsFilter      : New routes count: 0
2026-06-20T15:46:43.720-04:00 DEBUG 19552 --- [gateway] [DiscoveryClient-CacheRefreshExecutor-%d] o.s.c.g.filter.GatewayMetricsFilter      : New routes count: 0
2026-06-20T15:47:13.777-04:00 DEBUG 19552 --- [gateway] [DiscoveryClient-CacheRefreshExecutor-%d] o.s.c.g.filter.GatewayMetricsFilter      : New routes count: 0
2026-06-20T15:47:44.006-04:00 DEBUG 19552 --- [gateway] [DiscoveryClient-CacheRefreshExecutor-%d] o.s.c.g.filter.GatewayMetricsFilter      : New routes count: 0
2026-06-20T15:48:14.116-04:00 DEBUG 19552 --- [gateway] [DiscoveryClient-CacheRefreshExecutor-%d] o.s.c.g.filter.GatewayMetricsFilter      : New routes count: 0
2026-06-20T15:48:41.932-04:00  INFO 19552 --- [gateway] [AsyncResolver-bootstrap-executor-%d] c.n.d.s.r.aws.ConfigClusterResolver      : Resolving eureka endpoints via configuration
2026-06-20T15:48:44.138-04:00 DEBUG 19552 --- [gateway] [DiscoveryClient-CacheRefreshExecutor-%d] o.s.c.g.filter.GatewayMetricsFilter      : New routes count: 0
2026-06-20T15:49:14.172-04:00 DEBUG 19552 --- [gateway] [DiscoveryClient-CacheRefreshExecutor-%d] o.s.c.g.filter.GatewayMetricsFilter      : New routes count: 0
2026-06-20T15:49:44.207-04:00 DEBUG 19552 --- [gateway] [DiscoveryClient-CacheRefreshExecutor-%d] o.s.c.g.filter.GatewayMetricsFilter      : New routes count: 0
2026-06-20T15:50:14.243-04:00 DEBUG 19552 --- [gateway] [DiscoveryClient-CacheRefreshExecutor-%d] o.s.c.g.filter.GatewayMetricsFilter      : New routes count: 0
2026-06-20T15:50:44.297-04:00 DEBUG 19552 --- [gateway] [DiscoveryClient-CacheRefreshExecutor-%d] o.s.c.g.filter.GatewayMetricsFilter      : New routes count: 0
2026-06-20T15:51:14.345-04:00 DEBUG 19552 --- [gateway] [DiscoveryClient-CacheRefreshExecutor-%d] o.s.c.g.filter.GatewayMetricsFilter      : New routes count: 0
2026-06-20T15:51:44.413-04:00 DEBUG 19552 --- [gateway] [DiscoveryClient-CacheRefreshExecutor-%d] o.s.c.g.filter.GatewayMetricsFilter      : New routes count: 0
2026-06-20T15:52:14.454-04:00 DEBUG 19552 --- [gateway] [DiscoveryClient-CacheRefreshExecutor-%d] o.s.c.g.filter.GatewayMetricsFilter      : New routes count: 0
2026-06-20T15:52:44.499-04:00 DEBUG 19552 --- [gateway] [DiscoveryClient-CacheRefreshExecutor-%d] o.s.c.g.filter.GatewayMetricsFilter      : New routes count: 0
2026-06-20T15:53:14.533-04:00 DEBUG 19552 --- [gateway] [DiscoveryClient-CacheRefreshExecutor-%d] o.s.c.g.filter.GatewayMetricsFilter      : New routes count: 0
2026-06-20T15:53:41.938-04:00  INFO 19552 --- [gateway] [AsyncResolver-bootstrap-executor-%d] c.n.d.s.r.aws.ConfigClusterResolver      : Resolving eureka endpoints via configuration
2026-06-20T15:53:44.607-04:00 DEBUG 19552 --- [gateway] [DiscoveryClient-CacheRefreshExecutor-%d] o.s.c.g.filter.GatewayMetricsFilter      : New routes count: 0
2026-06-20T15:54:14.654-04:00 DEBUG 19552 --- [gateway] [DiscoveryClient-CacheRefreshExecutor-%d] o.s.c.g.filter.GatewayMetricsFilter      : New routes count: 0
2026-06-20T15:54:44.678-04:00 DEBUG 19552 --- [gateway] [DiscoveryClient-CacheRefreshExecutor-%d] o.s.c.g.filter.GatewayMetricsFilter      : New routes count: 0
2026-06-20T15:55:14.713-04:00 DEBUG 19552 --- [gateway] [DiscoveryClient-CacheRefreshExecutor-%d] o.s.c.g.filter.GatewayMetricsFilter      : New routes count: 0
2026-06-20T15:55:44.911-04:00 DEBUG 19552 --- [gateway] [DiscoveryClient-CacheRefreshExecutor-%d] o.s.c.g.filter.GatewayMetricsFilter      : New routes count: 0
2026-06-20T15:56:14.947-04:00 DEBUG 19552 --- [gateway] [DiscoveryClient-CacheRefreshExecutor-%d] o.s.c.g.filter.GatewayMetricsFilter      : New routes count: 0
2026-06-20T15:56:44.986-04:00 DEBUG 19552 --- [gateway] [DiscoveryClient-CacheRefreshExecutor-%d] o.s.c.g.filter.GatewayMetricsFilter      : New routes count: 0
2026-06-20T15:57:15.022-04:00 DEBUG 19552 --- [gateway] [DiscoveryClient-CacheRefreshExecutor-%d] o.s.c.g.filter.GatewayMetricsFilter      : New routes count: 0
2026-06-20T15:57:45.067-04:00 DEBUG 19552 --- [gateway] [DiscoveryClient-CacheRefreshExecutor-%d] o.s.c.g.filter.GatewayMetricsFilter      : New routes count: 0
2026-06-20T15:58:15.098-04:00 DEBUG 19552 --- [gateway] [DiscoveryClient-CacheRefreshExecutor-%d] o.s.c.g.filter.GatewayMetricsFilter      : New routes count: 0
2026-06-20T15:58:41.954-04:00  INFO 19552 --- [gateway] [AsyncResolver-bootstrap-executor-%d] c.n.d.s.r.aws.ConfigClusterResolver      : Resolving eureka endpoints via configuration
2026-06-20T15:58:45.126-04:00 DEBUG 19552 --- [gateway] [DiscoveryClient-CacheRefreshExecutor-%d] o.s.c.g.filter.GatewayMetricsFilter      : New routes count: 0
2026-06-20T15:59:15.161-04:00 DEBUG 19552 --- [gateway] [DiscoveryClient-CacheRefreshExecutor-%d] o.s.c.g.filter.GatewayMetricsFilter      : New routes count: 0
2026-06-20T15:59:45.234-04:00 DEBUG 19552 --- [gateway] [DiscoveryClient-CacheRefreshExecutor-%d] o.s.c.g.filter.GatewayMetricsFilter      : New routes count: 0
2026-06-20T16:00:15.292-04:00 DEBUG 19552 --- [gateway] [DiscoveryClient-CacheRefreshExecutor-%d] o.s.c.g.filter.GatewayMetricsFilter      : New routes count: 0
2026-06-20T16:00:45.428-04:00 DEBUG 19552 --- [gateway] [DiscoveryClient-CacheRefreshExecutor-%d] o.s.c.g.filter.GatewayMetricsFilter      : New routes count: 0
2026-06-20T16:01:15.489-04:00 DEBUG 19552 --- [gateway] [DiscoveryClient-CacheRefreshExecutor-%d] o.s.c.g.filter.GatewayMetricsFilter      : New routes count: 0
2026-06-20T16:01:45.517-04:00 DEBUG 19552 --- [gateway] [DiscoveryClient-CacheRefreshExecutor-%d] o.s.c.g.filter.GatewayMetricsFilter      : New routes count: 0
2026-06-20T16:02:15.550-04:00 DEBUG 19552 --- [gateway] [DiscoveryClient-CacheRefreshExecutor-%d] o.s.c.g.filter.GatewayMetricsFilter      : New routes count: 0
2026-06-20T16:02:45.588-04:00 DEBUG 19552 --- [gateway] [DiscoveryClient-CacheRefreshExecutor-%d] o.s.c.g.filter.GatewayMetricsFilter      : New routes count: 0
2026-06-20T16:03:15.652-04:00 DEBUG 19552 --- [gateway] [DiscoveryClient-CacheRefreshExecutor-%d] o.s.c.g.filter.GatewayMetricsFilter      : New routes count: 0
2026-06-20T16:03:41.965-04:00  INFO 19552 --- [gateway] [AsyncResolver-bootstrap-executor-%d] c.n.d.s.r.aws.ConfigClusterResolver      : Resolving eureka endpoints via configuration
2026-06-20T16:03:45.691-04:00 DEBUG 19552 --- [gateway] [DiscoveryClient-CacheRefreshExecutor-%d] o.s.c.g.filter.GatewayMetricsFilter      : New routes count: 0
2026-06-20T16:04:15.733-04:00 DEBUG 19552 --- [gateway] [DiscoveryClient-CacheRefreshExecutor-%d] o.s.c.g.filter.GatewayMetricsFilter      : New routes count: 0
2026-06-20T16:04:45.772-04:00 DEBUG 19552 --- [gateway] [DiscoveryClient-CacheRefreshExecutor-%d] o.s.c.g.filter.GatewayMetricsFilter      : New routes count: 0
2026-06-20T16:05:15.814-04:00 DEBUG 19552 --- [gateway] [DiscoveryClient-CacheRefreshExecutor-%d] o.s.c.g.filter.GatewayMetricsFilter      : New routes count: 0
2026-06-20T16:05:45.850-04:00 DEBUG 19552 --- [gateway] [DiscoveryClient-CacheRefreshExecutor-%d] o.s.c.g.filter.GatewayMetricsFilter      : New routes count: 0
2026-06-20T16:06:15.872-04:00 DEBUG 19552 --- [gateway] [DiscoveryClient-CacheRefreshExecutor-%d] o.s.c.g.filter.GatewayMetricsFilter      : New routes count: 0
2026-06-20T16:06:45.908-04:00 DEBUG 19552 --- [gateway] [DiscoveryClient-CacheRefreshExecutor-%d] o.s.c.g.filter.GatewayMetricsFilter      : New routes count: 0
2026-06-20T16:07:15.938-04:00 DEBUG 19552 --- [gateway] [DiscoveryClient-CacheRefreshExecutor-%d] o.s.c.g.filter.GatewayMetricsFilter      : New routes count: 0
2026-06-20T16:07:45.975-04:00 DEBUG 19552 --- [gateway] [DiscoveryClient-CacheRefreshExecutor-%d] o.s.c.g.filter.GatewayMetricsFilter      : New routes count: 0
2026-06-20T16:08:16.009-04:00 DEBUG 19552 --- [gateway] [DiscoveryClient-CacheRefreshExecutor-%d] o.s.c.g.filter.GatewayMetricsFilter      : New routes count: 0
2026-06-20T16:08:41.975-04:00  INFO 19552 --- [gateway] [AsyncResolver-bootstrap-executor-%d] c.n.d.s.r.aws.ConfigClusterResolver      : Resolving eureka endpoints via configuration
2026-06-20T16:08:46.047-04:00 DEBUG 19552 --- [gateway] [DiscoveryClient-CacheRefreshExecutor-%d] o.s.c.g.filter.GatewayMetricsFilter      : New routes count: 0
2026-06-20T16:09:16.069-04:00 DEBUG 19552 --- [gateway] [DiscoveryClient-CacheRefreshExecutor-%d] o.s.c.g.filter.GatewayMetricsFilter      : New routes count: 0
2026-06-20T16:09:46.093-04:00 DEBUG 19552 --- [gateway] [DiscoveryClient-CacheRefreshExecutor-%d] o.s.c.g.filter.GatewayMetricsFilter      : New routes count: 0
2026-06-20T16:10:16.128-04:00 DEBUG 19552 --- [gateway] [DiscoveryClient-CacheRefreshExecutor-%d] o.s.c.g.filter.GatewayMetricsFilter      : New routes count: 0
2026-06-20T16:10:46.155-04:00 DEBUG 19552 --- [gateway] [DiscoveryClient-CacheRefreshExecutor-%d] o.s.c.g.filter.GatewayMetricsFilter      : New routes count: 0
2026-06-20T16:11:16.183-04:00 DEBUG 19552 --- [gateway] [DiscoveryClient-CacheRefreshExecutor-%d] o.s.c.g.filter.GatewayMetricsFilter      : New routes count: 0
2026-06-20T16:11:46.215-04:00 DEBUG 19552 --- [gateway] [DiscoveryClient-CacheRefreshExecutor-%d] o.s.c.g.filter.GatewayMetricsFilter      : New routes count: 0
2026-06-20T16:12:16.273-04:00 DEBUG 19552 --- [gateway] [DiscoveryClient-CacheRefreshExecutor-%d] o.s.c.g.filter.GatewayMetricsFilter      : New routes count: 0
2026-06-20T16:12:46.309-04:00 DEBUG 19552 --- [gateway] [DiscoveryClient-CacheRefreshExecutor-%d] o.s.c.g.filter.GatewayMetricsFilter      : New routes count: 0
2026-06-20T16:13:16.345-04:00 DEBUG 19552 --- [gateway] [DiscoveryClient-CacheRefreshExecutor-%d] o.s.c.g.filter.GatewayMetricsFilter      : New routes count: 0
2026-06-20T16:13:41.982-04:00  INFO 19552 --- [gateway] [AsyncResolver-bootstrap-executor-%d] c.n.d.s.r.aws.ConfigClusterResolver      : Resolving eureka endpoints via configuration
2026-06-20T16:13:46.369-04:00 DEBUG 19552 --- [gateway] [DiscoveryClient-CacheRefreshExecutor-%d] o.s.c.g.filter.GatewayMetricsFilter      : New routes count: 0
2026-06-20T16:14:16.402-04:00 DEBUG 19552 --- [gateway] [DiscoveryClient-CacheRefreshExecutor-%d] o.s.c.g.filter.GatewayMetricsFilter      : New routes count: 0
2026-06-20T16:14:46.428-04:00 DEBUG 19552 --- [gateway] [DiscoveryClient-CacheRefreshExecutor-%d] o.s.c.g.filter.GatewayMetricsFilter      : New routes count: 0
2026-06-20T16:15:16.466-04:00 DEBUG 19552 --- [gateway] [DiscoveryClient-CacheRefreshExecutor-%d] o.s.c.g.filter.GatewayMetricsFilter      : New routes count: 0
2026-06-20T16:15:46.495-04:00 DEBUG 19552 --- [gateway] [DiscoveryClient-CacheRefreshExecutor-%d] o.s.c.g.filter.GatewayMetricsFilter      : New routes count: 0
2026-06-20T16:16:16.526-04:00 DEBUG 19552 --- [gateway] [DiscoveryClient-CacheRefreshExecutor-%d] o.s.c.g.filter.GatewayMetricsFilter      : New routes count: 0
2026-06-20T16:16:46.553-04:00 DEBUG 19552 --- [gateway] [DiscoveryClient-CacheRefreshExecutor-%d] o.s.c.g.filter.GatewayMetricsFilter      : New routes count: 0
2026-06-20T16:17:16.645-04:00 DEBUG 19552 --- [gateway] [DiscoveryClient-CacheRefreshExecutor-%d] o.s.c.g.filter.GatewayMetricsFilter      : New routes count: 0
2026-06-20T16:17:46.714-04:00 DEBUG 19552 --- [gateway] [DiscoveryClient-CacheRefreshExecutor-%d] o.s.c.g.filter.GatewayMetricsFilter      : New routes count: 0
2026-06-20T16:18:16.750-04:00 DEBUG 19552 --- [gateway] [DiscoveryClient-CacheRefreshExecutor-%d] o.s.c.g.filter.GatewayMetricsFilter      : New routes count: 0
2026-06-20T16:18:42.056-04:00  INFO 19552 --- [gateway] [AsyncResolver-bootstrap-executor-%d] c.n.d.s.r.aws.ConfigClusterResolver      : Resolving eureka endpoints via configuration
2026-06-20T16:18:46.776-04:00 DEBUG 19552 --- [gateway] [DiscoveryClient-CacheRefreshExecutor-%d] o.s.c.g.filter.GatewayMetricsFilter      : New routes count: 0
2026-06-20T16:19:16.805-04:00 DEBUG 19552 --- [gateway] [DiscoveryClient-CacheRefreshExecutor-%d] o.s.c.g.filter.GatewayMetricsFilter      : New routes count: 0
2026-06-20T16:19:46.833-04:00 DEBUG 19552 --- [gateway] [DiscoveryClient-CacheRefreshExecutor-%d] o.s.c.g.filter.GatewayMetricsFilter      : New routes count: 0
2026-06-20T16:20:16.913-04:00 DEBUG 19552 --- [gateway] [DiscoveryClient-CacheRefreshExecutor-%d] o.s.c.g.filter.GatewayMetricsFilter      : New routes count: 0
2026-06-20T16:20:46.935-04:00 DEBUG 19552 --- [gateway] [DiscoveryClient-CacheRefreshExecutor-%d] o.s.c.g.filter.GatewayMetricsFilter      : New routes count: 0
2026-06-20T16:21:16.969-04:00 DEBUG 19552 --- [gateway] [DiscoveryClient-CacheRefreshExecutor-%d] o.s.c.g.filter.GatewayMetricsFilter      : New routes count: 0
2026-06-20T16:21:47.004-04:00 DEBUG 19552 --- [gateway] [DiscoveryClient-CacheRefreshExecutor-%d] o.s.c.g.filter.GatewayMetricsFilter      : New routes count: 0
2026-06-20T16:22:17.025-04:00 DEBUG 19552 --- [gateway] [DiscoveryClient-CacheRefreshExecutor-%d] o.s.c.g.filter.GatewayMetricsFilter      : New routes count: 0
2026-06-20T16:22:47.059-04:00 DEBUG 19552 --- [gateway] [DiscoveryClient-CacheRefreshExecutor-%d] o.s.c.g.filter.GatewayMetricsFilter      : New routes count: 0
2026-06-20T16:23:17.087-04:00 DEBUG 19552 --- [gateway] [DiscoveryClient-CacheRefreshExecutor-%d] o.s.c.g.filter.GatewayMetricsFilter      : New routes count: 0
2026-06-20T16:23:42.082-04:00  INFO 19552 --- [gateway] [AsyncResolver-bootstrap-executor-%d] c.n.d.s.r.aws.ConfigClusterResolver      : Resolving eureka endpoints via configuration
2026-06-20T16:23:47.108-04:00 DEBUG 19552 --- [gateway] [DiscoveryClient-CacheRefreshExecutor-%d] o.s.c.g.filter.GatewayMetricsFilter      : New routes count: 0
2026-06-20T16:24:17.137-04:00 DEBUG 19552 --- [gateway] [DiscoveryClient-CacheRefreshExecutor-%d] o.s.c.g.filter.GatewayMetricsFilter      : New routes count: 0
2026-06-20T16:24:47.168-04:00 DEBUG 19552 --- [gateway] [DiscoveryClient-CacheRefreshExecutor-%d] o.s.c.g.filter.GatewayMetricsFilter      : New routes count: 0
2026-06-20T16:25:17.235-04:00 DEBUG 19552 --- [gateway] [DiscoveryClient-CacheRefreshExecutor-%d] o.s.c.g.filter.GatewayMetricsFilter      : New routes count: 0
2026-06-20T16:25:47.324-04:00 DEBUG 19552 --- [gateway] [DiscoveryClient-CacheRefreshExecutor-%d] o.s.c.g.filter.GatewayMetricsFilter      : New routes count: 0
2026-06-20T16:26:17.361-04:00 DEBUG 19552 --- [gateway] [DiscoveryClient-CacheRefreshExecutor-%d] o.s.c.g.filter.GatewayMetricsFilter      : New routes count: 0
2026-06-20T16:26:47.390-04:00 DEBUG 19552 --- [gateway] [DiscoveryClient-CacheRefreshExecutor-%d] o.s.c.g.filter.GatewayMetricsFilter      : New routes count: 0
2026-06-20T16:27:17.435-04:00 DEBUG 19552 --- [gateway] [DiscoveryClient-CacheRefreshExecutor-%d] o.s.c.g.filter.GatewayMetricsFilter      : New routes count: 0
2026-06-20T16:27:47.465-04:00 DEBUG 19552 --- [gateway] [DiscoveryClient-CacheRefreshExecutor-%d] o.s.c.g.filter.GatewayMetricsFilter      : New routes count: 0
2026-06-20T16:28:17.497-04:00 DEBUG 19552 --- [gateway] [DiscoveryClient-CacheRefreshExecutor-%d] o.s.c.g.filter.GatewayMetricsFilter      : New routes count: 0
2026-06-20T16:28:42.088-04:00  INFO 19552 --- [gateway] [AsyncResolver-bootstrap-executor-%d] c.n.d.s.r.aws.ConfigClusterResolver      : Resolving eureka endpoints via configuration
2026-06-20T16:28:47.546-04:00 DEBUG 19552 --- [gateway] [DiscoveryClient-CacheRefreshExecutor-%d] o.s.c.g.filter.GatewayMetricsFilter      : New routes count: 0
2026-06-20T16:29:17.573-04:00 DEBUG 19552 --- [gateway] [DiscoveryClient-CacheRefreshExecutor-%d] o.s.c.g.filter.GatewayMetricsFilter      : New routes count: 0
2026-06-20T16:29:47.595-04:00 DEBUG 19552 --- [gateway] [DiscoveryClient-CacheRefreshExecutor-%d] o.s.c.g.filter.GatewayMetricsFilter      : New routes count: 0
2026-06-20T16:30:17.625-04:00 DEBUG 19552 --- [gateway] [DiscoveryClient-CacheRefreshExecutor-%d] o.s.c.g.filter.GatewayMetricsFilter      : New routes count: 0
2026-06-20T16:30:47.648-04:00 DEBUG 19552 --- [gateway] [DiscoveryClient-CacheRefreshExecutor-%d] o.s.c.g.filter.GatewayMetricsFilter      : New routes count: 0
2026-06-20T16:31:17.677-04:00 DEBUG 19552 --- [gateway] [DiscoveryClient-CacheRefreshExecutor-%d] o.s.c.g.filter.GatewayMetricsFilter      : New routes count: 0
2026-06-20T16:31:47.705-04:00 DEBUG 19552 --- [gateway] [DiscoveryClient-CacheRefreshExecutor-%d] o.s.c.g.filter.GatewayMetricsFilter      : New routes count: 0
2026-06-20T16:32:17.738-04:00 DEBUG 19552 --- [gateway] [DiscoveryClient-CacheRefreshExecutor-%d] o.s.c.g.filter.GatewayMetricsFilter      : New routes count: 0
2026-06-20T16:32:47.765-04:00 DEBUG 19552 --- [gateway] [DiscoveryClient-CacheRefreshExecutor-%d] o.s.c.g.filter.GatewayMetricsFilter      : New routes count: 0
2026-06-20T16:33:17.788-04:00 DEBUG 19552 --- [gateway] [DiscoveryClient-CacheRefreshExecutor-%d] o.s.c.g.filter.GatewayMetricsFilter      : New routes count: 0
2026-06-20T16:33:42.105-04:00  INFO 19552 --- [gateway] [AsyncResolver-bootstrap-executor-%d] c.n.d.s.r.aws.ConfigClusterResolver      : Resolving eureka endpoints via configuration
2026-06-20T16:33:47.827-04:00 DEBUG 19552 --- [gateway] [DiscoveryClient-CacheRefreshExecutor-%d] o.s.c.g.filter.GatewayMetricsFilter      : New routes count: 0
2026-06-20T16:34:17.861-04:00 DEBUG 19552 --- [gateway] [DiscoveryClient-CacheRefreshExecutor-%d] o.s.c.g.filter.GatewayMetricsFilter      : New routes count: 0
2026-06-20T16:34:47.885-04:00 DEBUG 19552 --- [gateway] [DiscoveryClient-CacheRefreshExecutor-%d] o.s.c.g.filter.GatewayMetricsFilter      : New routes count: 0
2026-06-20T16:35:17.913-04:00 DEBUG 19552 --- [gateway] [DiscoveryClient-CacheRefreshExecutor-%d] o.s.c.g.filter.GatewayMetricsFilter      : New routes count: 0
2026-06-20T16:35:47.952-04:00 DEBUG 19552 --- [gateway] [DiscoveryClient-CacheRefreshExecutor-%d] o.s.c.g.filter.GatewayMetricsFilter      : New routes count: 0
2026-06-20T16:36:17.998-04:00 DEBUG 19552 --- [gateway] [DiscoveryClient-CacheRefreshExecutor-%d] o.s.c.g.filter.GatewayMetricsFilter      : New routes count: 0
2026-06-20T16:36:48.031-04:00 DEBUG 19552 --- [gateway] [DiscoveryClient-CacheRefreshExecutor-%d] o.s.c.g.filter.GatewayMetricsFilter      : New routes count: 0
2026-06-20T16:37:18.061-04:00 DEBUG 19552 --- [gateway] [DiscoveryClient-CacheRefreshExecutor-%d] o.s.c.g.filter.GatewayMetricsFilter      : New routes count: 0
2026-06-20T16:37:48.087-04:00 DEBUG 19552 --- [gateway] [DiscoveryClient-CacheRefreshExecutor-%d] o.s.c.g.filter.GatewayMetricsFilter      : New routes count: 0
2026-06-20T16:38:18.115-04:00 DEBUG 19552 --- [gateway] [DiscoveryClient-CacheRefreshExecutor-%d] o.s.c.g.filter.GatewayMetricsFilter      : New routes count: 0
2026-06-20T16:38:42.112-04:00  INFO 19552 --- [gateway] [AsyncResolver-bootstrap-executor-%d] c.n.d.s.r.aws.ConfigClusterResolver      : Resolving eureka endpoints via configuration
2026-06-20T16:38:48.142-04:00 DEBUG 19552 --- [gateway] [DiscoveryClient-CacheRefreshExecutor-%d] o.s.c.g.filter.GatewayMetricsFilter      : New routes count: 0
2026-06-20T16:39:18.169-04:00 DEBUG 19552 --- [gateway] [DiscoveryClient-CacheRefreshExecutor-%d] o.s.c.g.filter.GatewayMetricsFilter      : New routes count: 0
2026-06-20T16:39:48.190-04:00 DEBUG 19552 --- [gateway] [DiscoveryClient-CacheRefreshExecutor-%d] o.s.c.g.filter.GatewayMetricsFilter      : New routes count: 0
2026-06-20T16:40:18.225-04:00 DEBUG 19552 --- [gateway] [DiscoveryClient-CacheRefreshExecutor-%d] o.s.c.g.filter.GatewayMetricsFilter      : New routes count: 0
2026-06-20T16:40:48.250-04:00 DEBUG 19552 --- [gateway] [DiscoveryClient-CacheRefreshExecutor-%d] o.s.c.g.filter.GatewayMetricsFilter      : New routes count: 0
2026-06-20T16:41:18.275-04:00 DEBUG 19552 --- [gateway] [DiscoveryClient-CacheRefreshExecutor-%d] o.s.c.g.filter.GatewayMetricsFilter      : New routes count: 0
2026-06-20T16:41:48.298-04:00 DEBUG 19552 --- [gateway] [DiscoveryClient-CacheRefreshExecutor-%d] o.s.c.g.filter.GatewayMetricsFilter      : New routes count: 0
2026-06-20T16:42:18.318-04:00 DEBUG 19552 --- [gateway] [DiscoveryClient-CacheRefreshExecutor-%d] o.s.c.g.filter.GatewayMetricsFilter      : New routes count: 0
2026-06-20T16:42:48.353-04:00 DEBUG 19552 --- [gateway] [DiscoveryClient-CacheRefreshExecutor-%d] o.s.c.g.filter.GatewayMetricsFilter      : New routes count: 0
2026-06-20T16:43:18.401-04:00 DEBUG 19552 --- [gateway] [DiscoveryClient-CacheRefreshExecutor-%d] o.s.c.g.filter.GatewayMetricsFilter      : New routes count: 0
2026-06-20T16:43:42.127-04:00  INFO 19552 --- [gateway] [AsyncResolver-bootstrap-executor-%d] c.n.d.s.r.aws.ConfigClusterResolver      : Resolving eureka endpoints via configuration
2026-06-20T16:43:48.419-04:00 DEBUG 19552 --- [gateway] [DiscoveryClient-CacheRefreshExecutor-%d] o.s.c.g.filter.GatewayMetricsFilter      : New routes count: 0
2026-06-20T16:44:18.448-04:00 DEBUG 19552 --- [gateway] [DiscoveryClient-CacheRefreshExecutor-%d] o.s.c.g.filter.GatewayMetricsFilter      : New routes count: 0
2026-06-20T16:44:48.483-04:00 DEBUG 19552 --- [gateway] [DiscoveryClient-CacheRefreshExecutor-%d] o.s.c.g.filter.GatewayMetricsFilter      : New routes count: 0
2026-06-20T16:45:18.507-04:00 DEBUG 19552 --- [gateway] [DiscoveryClient-CacheRefreshExecutor-%d] o.s.c.g.filter.GatewayMetricsFilter      : New routes count: 0
2026-06-20T16:45:48.536-04:00 DEBUG 19552 --- [gateway] [DiscoveryClient-CacheRefreshExecutor-%d] o.s.c.g.filter.GatewayMetricsFilter      : New routes count: 0
2026-06-20T16:46:18.557-04:00 DEBUG 19552 --- [gateway] [DiscoveryClient-CacheRefreshExecutor-%d] o.s.c.g.filter.GatewayMetricsFilter      : New routes count: 0
2026-06-20T16:46:48.586-04:00 DEBUG 19552 --- [gateway] [DiscoveryClient-CacheRefreshExecutor-%d] o.s.c.g.filter.GatewayMetricsFilter      : New routes count: 0
2026-06-20T16:47:18.620-04:00 DEBUG 19552 --- [gateway] [DiscoveryClient-CacheRefreshExecutor-%d] o.s.c.g.filter.GatewayMetricsFilter      : New routes count: 0
2026-06-20T16:47:48.640-04:00 DEBUG 19552 --- [gateway] [DiscoveryClient-CacheRefreshExecutor-%d] o.s.c.g.filter.GatewayMetricsFilter      : New routes count: 0
2026-06-20T16:48:18.664-04:00 DEBUG 19552 --- [gateway] [DiscoveryClient-CacheRefreshExecutor-%d] o.s.c.g.filter.GatewayMetricsFilter      : New routes count: 0
2026-06-20T16:48:42.133-04:00  INFO 19552 --- [gateway] [AsyncResolver-bootstrap-executor-%d] c.n.d.s.r.aws.ConfigClusterResolver      : Resolving eureka endpoints via configuration
2026-06-20T16:48:48.694-04:00 DEBUG 19552 --- [gateway] [DiscoveryClient-CacheRefreshExecutor-%d] o.s.c.g.filter.GatewayMetricsFilter      : New routes count: 0
2026-06-20T16:49:18.725-04:00 DEBUG 19552 --- [gateway] [DiscoveryClient-CacheRefreshExecutor-%d] o.s.c.g.filter.GatewayMetricsFilter      : New routes count: 0
2026-06-20T16:49:48.763-04:00 DEBUG 19552 --- [gateway] [DiscoveryClient-CacheRefreshExecutor-%d] o.s.c.g.filter.GatewayMetricsFilter      : New routes count: 0
2026-06-20T16:50:18.850-04:00 DEBUG 19552 --- [gateway] [DiscoveryClient-CacheRefreshExecutor-%d] o.s.c.g.filter.GatewayMetricsFilter      : New routes count: 0
2026-06-20T16:50:48.947-04:00 DEBUG 19552 --- [gateway] [DiscoveryClient-CacheRefreshExecutor-%d] o.s.c.g.filter.GatewayMetricsFilter      : New routes count: 0
2026-06-20T16:51:19.017-04:00 DEBUG 19552 --- [gateway] [DiscoveryClient-CacheRefreshExecutor-%d] o.s.c.g.filter.GatewayMetricsFilter      : New routes count: 0
2026-06-20T16:51:49.064-04:00 DEBUG 19552 --- [gateway] [DiscoveryClient-CacheRefreshExecutor-%d] o.s.c.g.filter.GatewayMetricsFilter      : New routes count: 0
2026-06-20T16:52:19.095-04:00 DEBUG 19552 --- [gateway] [DiscoveryClient-CacheRefreshExecutor-%d] o.s.c.g.filter.GatewayMetricsFilter      : New routes count: 0
2026-06-20T16:52:49.506-04:00 DEBUG 19552 --- [gateway] [DiscoveryClient-CacheRefreshExecutor-%d] o.s.c.g.filter.GatewayMetricsFilter      : New routes count: 0
2026-06-20T16:53:19.723-04:00 DEBUG 19552 --- [gateway] [DiscoveryClient-CacheRefreshExecutor-%d] o.s.c.g.filter.GatewayMetricsFilter      : New routes count: 0
2026-06-20T16:53:42.136-04:00  INFO 19552 --- [gateway] [AsyncResolver-bootstrap-executor-%d] c.n.d.s.r.aws.ConfigClusterResolver      : Resolving eureka endpoints via configuration
2026-06-20T16:53:49.748-04:00 DEBUG 19552 --- [gateway] [DiscoveryClient-CacheRefreshExecutor-%d] o.s.c.g.filter.GatewayMetricsFilter      : New routes count: 0
2026-06-20T16:54:19.775-04:00 DEBUG 19552 --- [gateway] [DiscoveryClient-CacheRefreshExecutor-%d] o.s.c.g.filter.GatewayMetricsFilter      : New routes count: 0
2026-06-20T16:54:49.797-04:00 DEBUG 19552 --- [gateway] [DiscoveryClient-CacheRefreshExecutor-%d] o.s.c.g.filter.GatewayMetricsFilter      : New routes count: 0
2026-06-20T16:55:19.832-04:00 DEBUG 19552 --- [gateway] [DiscoveryClient-CacheRefreshExecutor-%d] o.s.c.g.filter.GatewayMetricsFilter      : New routes count: 0
2026-06-20T16:55:49.860-04:00 DEBUG 19552 --- [gateway] [DiscoveryClient-CacheRefreshExecutor-%d] o.s.c.g.filter.GatewayMetricsFilter      : New routes count: 0
2026-06-20T16:56:19.884-04:00 DEBUG 19552 --- [gateway] [DiscoveryClient-CacheRefreshExecutor-%d] o.s.c.g.filter.GatewayMetricsFilter      : New routes count: 0
2026-06-20T16:56:49.914-04:00 DEBUG 19552 --- [gateway] [DiscoveryClient-CacheRefreshExecutor-%d] o.s.c.g.filter.GatewayMetricsFilter      : New routes count: 0
2026-06-20T16:57:19.944-04:00 DEBUG 19552 --- [gateway] [DiscoveryClient-CacheRefreshExecutor-%d] o.s.c.g.filter.GatewayMetricsFilter      : New routes count: 0
2026-06-20T16:57:49.964-04:00 DEBUG 19552 --- [gateway] [DiscoveryClient-CacheRefreshExecutor-%d] o.s.c.g.filter.GatewayMetricsFilter      : New routes count: 0
2026-06-20T16:58:12.639-04:00  INFO 19552 --- [gateway] [SpringApplicationShutdownHook] o.s.c.n.e.s.EurekaServiceRegistry        : Unregistering application GATEWAY with eureka with status DOWN
2026-06-20T16:58:12.653-04:00  INFO 19552 --- [gateway] [SpringApplicationShutdownHook] com.netflix.discovery.DiscoveryClient    : Saw local status change event StatusChangeEvent [timestamp=1781989092653, current=DOWN, previous=UP]
2026-06-20T16:58:12.656-04:00  INFO 19552 --- [gateway] [DiscoveryClient-InstanceInfoReplicator-%d] com.netflix.discovery.DiscoveryClient    : DiscoveryClient_GATEWAY/LAPTOP-T0QF0LRL.mshome.net:gateway:9999: registering service...
2026-06-20T16:58:12.685-04:00  INFO 19552 --- [gateway] [SpringApplicationShutdownHook] o.s.boot.reactor.netty.GracefulShutdown  : Commencing graceful shutdown. Waiting for active requests to complete
2026-06-20T16:58:12.690-04:00  INFO 19552 --- [gateway] [DiscoveryClient-InstanceInfoReplicator-%d] com.netflix.discovery.DiscoveryClient    : DiscoveryClient_GATEWAY/LAPTOP-T0QF0LRL.mshome.net:gateway:9999 - registration status: 204
2026-06-20T16:58:12.702-04:00  INFO 19552 --- [gateway] [netty-shutdown] o.s.boot.reactor.netty.GracefulShutdown  : Graceful shutdown complete
2026-06-20T16:58:12.738-04:00  INFO 19552 --- [gateway] [SpringApplicationShutdownHook] com.netflix.discovery.DiscoveryClient    : Shutting down DiscoveryClient ...
2026-06-20T16:58:15.748-04:00  INFO 19552 --- [gateway] [SpringApplicationShutdownHook] com.netflix.discovery.DiscoveryClient    : Unregistering ...
2026-06-20T16:58:15.767-04:00  INFO 19552 --- [gateway] [SpringApplicationShutdownHook] com.netflix.discovery.DiscoveryClient    : DiscoveryClient_GATEWAY/LAPTOP-T0QF0LRL.mshome.net:gateway:9999 - deregister  status: 200
2026-06-20T16:58:15.768-04:00  INFO 19552 --- [gateway] [SpringApplicationShutdownHook] com.netflix.discovery.DiscoveryClient    : Completed shut down of DiscoveryClient
2026-06-20T16:58:37.309-04:00  INFO 11164 --- [gateway] [restartedMain] cl.duoc.gateway.GatewayApplication       : Starting GatewayApplication using Java 21.0.10 with PID 11164 (C:\Users\xiota\Proyecto-Fullstack\gateway\gateway\target\classes started by xiota in C:\Users\xiota\Proyecto-Fullstack\gateway\gateway)
2026-06-20T16:58:37.313-04:00 DEBUG 11164 --- [gateway] [restartedMain] cl.duoc.gateway.GatewayApplication       : Running with Spring Boot v4.0.7, Spring v7.0.8
2026-06-20T16:58:37.314-04:00  INFO 11164 --- [gateway] [restartedMain] cl.duoc.gateway.GatewayApplication       : No active profile set, falling back to 1 default profile: "default"
2026-06-20T16:58:37.413-04:00  INFO 11164 --- [gateway] [restartedMain] .e.DevToolsPropertyDefaultsPostProcessor : Devtools property defaults active! Set 'spring.devtools.add-properties' to 'false' to disable
2026-06-20T16:58:39.831-04:00  INFO 11164 --- [gateway] [restartedMain] o.s.cloud.context.scope.GenericScope     : BeanFactory id=c2e9a219-2ffd-3e0f-91ea-1fd907e8ff06
2026-06-20T16:58:40.547-04:00  INFO 11164 --- [gateway] [restartedMain] ctiveUserDetailsServiceAutoConfiguration : 

Using generated security password: 52aa7b02-93f9-4906-b175-057fc580d37b

2026-06-20T16:58:41.469-04:00  INFO 11164 --- [gateway] [restartedMain] o.s.c.g.r.RouteDefinitionRouteLocator    : Loaded RoutePredicateFactory [After]
2026-06-20T16:58:41.470-04:00  INFO 11164 --- [gateway] [restartedMain] o.s.c.g.r.RouteDefinitionRouteLocator    : Loaded RoutePredicateFactory [Before]
2026-06-20T16:58:41.470-04:00  INFO 11164 --- [gateway] [restartedMain] o.s.c.g.r.RouteDefinitionRouteLocator    : Loaded RoutePredicateFactory [Between]
2026-06-20T16:58:41.471-04:00  INFO 11164 --- [gateway] [restartedMain] o.s.c.g.r.RouteDefinitionRouteLocator    : Loaded RoutePredicateFactory [Cookie]
2026-06-20T16:58:41.471-04:00  INFO 11164 --- [gateway] [restartedMain] o.s.c.g.r.RouteDefinitionRouteLocator    : Loaded RoutePredicateFactory [Header]
2026-06-20T16:58:41.471-04:00  INFO 11164 --- [gateway] [restartedMain] o.s.c.g.r.RouteDefinitionRouteLocator    : Loaded RoutePredicateFactory [Host]
2026-06-20T16:58:41.472-04:00  INFO 11164 --- [gateway] [restartedMain] o.s.c.g.r.RouteDefinitionRouteLocator    : Loaded RoutePredicateFactory [Method]
2026-06-20T16:58:41.472-04:00  INFO 11164 --- [gateway] [restartedMain] o.s.c.g.r.RouteDefinitionRouteLocator    : Loaded RoutePredicateFactory [Path]
2026-06-20T16:58:41.473-04:00  INFO 11164 --- [gateway] [restartedMain] o.s.c.g.r.RouteDefinitionRouteLocator    : Loaded RoutePredicateFactory [Query]
2026-06-20T16:58:41.473-04:00  INFO 11164 --- [gateway] [restartedMain] o.s.c.g.r.RouteDefinitionRouteLocator    : Loaded RoutePredicateFactory [ReadBody]
2026-06-20T16:58:41.474-04:00  INFO 11164 --- [gateway] [restartedMain] o.s.c.g.r.RouteDefinitionRouteLocator    : Loaded RoutePredicateFactory [RemoteAddr]
2026-06-20T16:58:41.474-04:00  INFO 11164 --- [gateway] [restartedMain] o.s.c.g.r.RouteDefinitionRouteLocator    : Loaded RoutePredicateFactory [Version]
2026-06-20T16:58:41.475-04:00  INFO 11164 --- [gateway] [restartedMain] o.s.c.g.r.RouteDefinitionRouteLocator    : Loaded RoutePredicateFactory [XForwardedRemoteAddr]
2026-06-20T16:58:41.475-04:00  INFO 11164 --- [gateway] [restartedMain] o.s.c.g.r.RouteDefinitionRouteLocator    : Loaded RoutePredicateFactory [Weight]
2026-06-20T16:58:41.475-04:00  INFO 11164 --- [gateway] [restartedMain] o.s.c.g.r.RouteDefinitionRouteLocator    : Loaded RoutePredicateFactory [CloudFoundryRouteService]
2026-06-20T16:58:41.740-04:00  INFO 11164 --- [gateway] [restartedMain] o.s.b.a.e.web.EndpointLinksResolver      : Exposing 2 endpoints beneath base path '/actuator'
2026-06-20T16:58:41.998-04:00  INFO 11164 --- [gateway] [restartedMain] DiscoveryClientOptionalArgsConfiguration : Eureka HTTP Client uses RestClient.
2026-06-20T16:58:42.049-04:00  WARN 11164 --- [gateway] [restartedMain] iguration$LoadBalancerCaffeineWarnLogger : Spring Cloud LoadBalancer is currently working with the default cache. While this cache implementation is useful for development and tests, it's recommended to use Caffeine cache in production.You can switch to using Caffeine cache, by adding it and org.springframework.cache.caffeine.CaffeineCacheManager to the classpath.
2026-06-20T16:58:42.120-04:00  INFO 11164 --- [gateway] [restartedMain] o.s.c.n.eureka.InstanceInfoFactory       : Setting initial instance status as: STARTING
2026-06-20T16:58:42.160-04:00  INFO 11164 --- [gateway] [restartedMain] com.netflix.discovery.DiscoveryClient    : Initializing Eureka in region us-east-1
2026-06-20T16:58:42.166-04:00  INFO 11164 --- [gateway] [restartedMain] c.n.d.s.r.aws.ConfigClusterResolver      : Resolving eureka endpoints via configuration
2026-06-20T16:58:42.186-04:00  INFO 11164 --- [gateway] [restartedMain] com.netflix.discovery.DiscoveryClient    : Disable delta property : false
2026-06-20T16:58:42.187-04:00  INFO 11164 --- [gateway] [restartedMain] com.netflix.discovery.DiscoveryClient    : Single vip registry refresh property : null
2026-06-20T16:58:42.187-04:00  INFO 11164 --- [gateway] [restartedMain] com.netflix.discovery.DiscoveryClient    : Force full registry fetch : false
2026-06-20T16:58:42.188-04:00  INFO 11164 --- [gateway] [restartedMain] com.netflix.discovery.DiscoveryClient    : Application is null : false
2026-06-20T16:58:42.188-04:00  INFO 11164 --- [gateway] [restartedMain] com.netflix.discovery.DiscoveryClient    : Registered Applications size is zero : true
2026-06-20T16:58:42.189-04:00  INFO 11164 --- [gateway] [restartedMain] com.netflix.discovery.DiscoveryClient    : Application version is -1: true
2026-06-20T16:58:42.189-04:00  INFO 11164 --- [gateway] [restartedMain] com.netflix.discovery.DiscoveryClient    : Getting all instance registry info from the eureka server
2026-06-20T16:58:42.697-04:00  INFO 11164 --- [gateway] [restartedMain] com.netflix.discovery.DiscoveryClient    : The response status is 200
2026-06-20T16:58:42.700-04:00  INFO 11164 --- [gateway] [restartedMain] com.netflix.discovery.DiscoveryClient    : Starting heartbeat executor: renew interval is: 30
2026-06-20T16:58:42.707-04:00  INFO 11164 --- [gateway] [restartedMain] c.n.discovery.InstanceInfoReplicator     : InstanceInfoReplicator onDemand update allowed rate per min is 4
2026-06-20T16:58:42.714-04:00  INFO 11164 --- [gateway] [restartedMain] com.netflix.discovery.DiscoveryClient    : Discovery Client initialized at timestamp 1781989122710 with initial instances count: 3
2026-06-20T16:58:42.727-04:00  INFO 11164 --- [gateway] [restartedMain] o.s.c.n.e.s.EurekaServiceRegistry        : Registering application GATEWAY with eureka with status UP
2026-06-20T16:58:42.728-04:00  INFO 11164 --- [gateway] [restartedMain] com.netflix.discovery.DiscoveryClient    : Saw local status change event StatusChangeEvent [timestamp=1781989122728, current=UP, previous=STARTING]
2026-06-20T16:58:42.736-04:00  INFO 11164 --- [gateway] [DiscoveryClient-InstanceInfoReplicator-%d] com.netflix.discovery.DiscoveryClient    : DiscoveryClient_GATEWAY/LAPTOP-T0QF0LRL.mshome.net:gateway:9999: registering service...
2026-06-20T16:58:42.795-04:00 DEBUG 11164 --- [gateway] [restartedMain] o.s.c.g.filter.GatewayMetricsFilter      : New routes count: 0
2026-06-20T16:58:42.828-04:00  INFO 11164 --- [gateway] [DiscoveryClient-InstanceInfoReplicator-%d] com.netflix.discovery.DiscoveryClient    : DiscoveryClient_GATEWAY/LAPTOP-T0QF0LRL.mshome.net:gateway:9999 - registration status: 204
2026-06-20T16:58:42.990-04:00  INFO 11164 --- [gateway] [restartedMain] o.s.boot.reactor.netty.NettyWebServer    : Netty started on port 9999 (http)
2026-06-20T16:58:42.992-04:00  INFO 11164 --- [gateway] [restartedMain] .s.c.n.e.s.EurekaAutoServiceRegistration : Updating port to 9999
2026-06-20T16:58:43.025-04:00 DEBUG 11164 --- [gateway] [restartedMain] o.s.c.g.filter.GatewayMetricsFilter      : New routes count: 0
2026-06-20T16:58:43.029-04:00  INFO 11164 --- [gateway] [restartedMain] cl.duoc.gateway.GatewayApplication       : Started GatewayApplication in 6.445 seconds (process running for 7.432)
2026-06-20T16:59:12.728-04:00 DEBUG 11164 --- [gateway] [DiscoveryClient-CacheRefreshExecutor-%d] o.s.c.g.filter.GatewayMetricsFilter      : New routes count: 0
2026-06-20T16:59:43.234-04:00 DEBUG 11164 --- [gateway] [DiscoveryClient-CacheRefreshExecutor-%d] o.s.c.g.filter.GatewayMetricsFilter      : New routes count: 0
2026-06-20T17:00:13.266-04:00 DEBUG 11164 --- [gateway] [DiscoveryClient-CacheRefreshExecutor-%d] o.s.c.g.filter.GatewayMetricsFilter      : New routes count: 0
2026-06-20T17:00:43.302-04:00 DEBUG 11164 --- [gateway] [DiscoveryClient-CacheRefreshExecutor-%d] o.s.c.g.filter.GatewayMetricsFilter      : New routes count: 0
2026-06-20T17:01:13.327-04:00 DEBUG 11164 --- [gateway] [DiscoveryClient-CacheRefreshExecutor-%d] o.s.c.g.filter.GatewayMetricsFilter      : New routes count: 0
2026-06-20T17:01:43.357-04:00 DEBUG 11164 --- [gateway] [DiscoveryClient-CacheRefreshExecutor-%d] o.s.c.g.filter.GatewayMetricsFilter      : New routes count: 0
2026-06-20T17:02:13.386-04:00 DEBUG 11164 --- [gateway] [DiscoveryClient-CacheRefreshExecutor-%d] o.s.c.g.filter.GatewayMetricsFilter      : New routes count: 0
2026-06-20T17:02:41.996-04:00  INFO 11164 --- [gateway] [SpringApplicationShutdownHook] o.s.c.n.e.s.EurekaServiceRegistry        : Unregistering application GATEWAY with eureka with status DOWN
2026-06-20T17:02:41.997-04:00  INFO 11164 --- [gateway] [SpringApplicationShutdownHook] com.netflix.discovery.DiscoveryClient    : Saw local status change event StatusChangeEvent [timestamp=1781989361997, current=DOWN, previous=UP]
2026-06-20T17:02:41.998-04:00  INFO 11164 --- [gateway] [DiscoveryClient-InstanceInfoReplicator-%d] com.netflix.discovery.DiscoveryClient    : DiscoveryClient_GATEWAY/LAPTOP-T0QF0LRL.mshome.net:gateway:9999: registering service...
2026-06-20T17:02:42.004-04:00  INFO 11164 --- [gateway] [SpringApplicationShutdownHook] o.s.boot.reactor.netty.GracefulShutdown  : Commencing graceful shutdown. Waiting for active requests to complete
2026-06-20T17:02:42.012-04:00  INFO 11164 --- [gateway] [netty-shutdown] o.s.boot.reactor.netty.GracefulShutdown  : Graceful shutdown complete
2026-06-20T17:02:42.022-04:00  INFO 11164 --- [gateway] [DiscoveryClient-InstanceInfoReplicator-%d] com.netflix.discovery.DiscoveryClient    : DiscoveryClient_GATEWAY/LAPTOP-T0QF0LRL.mshome.net:gateway:9999 - registration status: 204
2026-06-20T17:02:42.051-04:00  INFO 11164 --- [gateway] [SpringApplicationShutdownHook] com.netflix.discovery.DiscoveryClient    : Shutting down DiscoveryClient ...
2026-06-20T17:02:45.063-04:00  INFO 11164 --- [gateway] [SpringApplicationShutdownHook] com.netflix.discovery.DiscoveryClient    : Unregistering ...
2026-06-20T17:02:45.063-04:00  WARN 11164 --- [gateway] [DiscoveryClient-%d] c.netflix.discovery.TimedSupervisorTask  : task supervisor shutting down, can't accept the task
2026-06-20T17:02:45.069-04:00  INFO 11164 --- [gateway] [SpringApplicationShutdownHook] com.netflix.discovery.DiscoveryClient    : DiscoveryClient_GATEWAY/LAPTOP-T0QF0LRL.mshome.net:gateway:9999 - deregister  status: 200
2026-06-20T17:02:45.071-04:00  INFO 11164 --- [gateway] [SpringApplicationShutdownHook] com.netflix.discovery.DiscoveryClient    : Completed shut down of DiscoveryClient
